Component: ARM Compiler 5.06 update 7 (build 960) Tool: armlink [4d3601]

==============================================================================

Section Cross References

    startup_stm32f10x_md.o(RESET) refers to startup_stm32f10x_md.o(STACK) for __initial_sp
    startup_stm32f10x_md.o(RESET) refers to startup_stm32f10x_md.o(.text) for Reset_Handler
    startup_stm32f10x_md.o(RESET) refers to stm32f10x_it.o(i.NMI_Handler) for NMI_Handler
    startup_stm32f10x_md.o(RESET) refers to stm32f10x_it.o(i.HardFault_Handler) for HardFault_Handler
    startup_stm32f10x_md.o(RESET) refers to stm32f10x_it.o(i.MemManage_Handler) for MemManage_Handler
    startup_stm32f10x_md.o(RESET) refers to stm32f10x_it.o(i.BusFault_Handler) for BusFault_Handler
    startup_stm32f10x_md.o(RESET) refers to stm32f10x_it.o(i.UsageFault_Handler) for UsageFault_Handler
    startup_stm32f10x_md.o(RESET) refers to stm32f10x_it.o(i.SVC_Handler) for SVC_Handler
    startup_stm32f10x_md.o(RESET) refers to stm32f10x_it.o(i.DebugMon_Handler) for DebugMon_Handler
    startup_stm32f10x_md.o(RESET) refers to stm32f10x_it.o(i.PendSV_Handler) for PendSV_Handler
    startup_stm32f10x_md.o(RESET) refers to stm32f10x_it.o(i.SysTick_Handler) for SysTick_Handler
    startup_stm32f10x_md.o(RESET) refers to timer.o(i.TIM1_UP_IRQHandler) for TIM1_UP_IRQHandler
    startup_stm32f10x_md.o(RESET) refers to usart.o(i.USART1_IRQHandler) for USART1_IRQHandler
    startup_stm32f10x_md.o(RESET) refers to usart2.o(i.USART2_IRQHandler) for USART2_IRQHandler
    startup_stm32f10x_md.o(RESET) refers to usart3.o(i.USART3_IRQHandler) for USART3_IRQHandler
    startup_stm32f10x_md.o(.text) refers to system_stm32f10x.o(i.SystemInit) for SystemInit
    startup_stm32f10x_md.o(.text) refers to entry.o(.ARM.Collect$$$$00000000) for __main
    system_stm32f10x.o(i.SetSysClock) refers to system_stm32f10x.o(i.SetSysClockTo72) for SetSysClockTo72
    system_stm32f10x.o(i.SystemCoreClockUpdate) refers to system_stm32f10x.o(.data) for SystemCoreClock
    system_stm32f10x.o(i.SystemInit) refers to system_stm32f10x.o(i.SetSysClock) for SetSysClock
    stm32f10x_adc.o(i.ADC_DeInit) refers to stm32f10x_rcc.o(i.RCC_APB2PeriphResetCmd) for RCC_APB2PeriphResetCmd
    stm32f10x_bkp.o(i.BKP_DeInit) refers to stm32f10x_rcc.o(i.RCC_BackupResetCmd) for RCC_BackupResetCmd
    stm32f10x_can.o(i.CAN_DeInit) refers to stm32f10x_rcc.o(i.RCC_APB1PeriphResetCmd) for RCC_APB1PeriphResetCmd
    stm32f10x_can.o(i.CAN_GetITStatus) refers to stm32f10x_can.o(i.CheckITStatus) for CheckITStatus
    stm32f10x_cec.o(i.CEC_DeInit) refers to stm32f10x_rcc.o(i.RCC_APB1PeriphResetCmd) for RCC_APB1PeriphResetCmd
    stm32f10x_dac.o(i.DAC_DeInit) refers to stm32f10x_rcc.o(i.RCC_APB1PeriphResetCmd) for RCC_APB1PeriphResetCmd
    stm32f10x_flash.o(i.FLASH_EnableWriteProtection) refers to stm32f10x_flash.o(i.FLASH_WaitForLastOperation) for FLASH_WaitForLastOperation
    stm32f10x_flash.o(i.FLASH_EraseAllBank1Pages) refers to stm32f10x_flash.o(i.FLASH_WaitForLastBank1Operation) for FLASH_WaitForLastBank1Operation
    stm32f10x_flash.o(i.FLASH_EraseAllPages) refers to stm32f10x_flash.o(i.FLASH_WaitForLastOperation) for FLASH_WaitForLastOperation
    stm32f10x_flash.o(i.FLASH_EraseOptionBytes) refers to stm32f10x_flash.o(i.FLASH_GetReadOutProtectionStatus) for FLASH_GetReadOutProtectionStatus
    stm32f10x_flash.o(i.FLASH_EraseOptionBytes) refers to stm32f10x_flash.o(i.FLASH_WaitForLastOperation) for FLASH_WaitForLastOperation
    stm32f10x_flash.o(i.FLASH_ErasePage) refers to stm32f10x_flash.o(i.FLASH_WaitForLastOperation) for FLASH_WaitForLastOperation
    stm32f10x_flash.o(i.FLASH_ProgramHalfWord) refers to stm32f10x_flash.o(i.FLASH_WaitForLastOperation) for FLASH_WaitForLastOperation
    stm32f10x_flash.o(i.FLASH_ProgramOptionByteData) refers to stm32f10x_flash.o(i.FLASH_WaitForLastOperation) for FLASH_WaitForLastOperation
    stm32f10x_flash.o(i.FLASH_ProgramWord) refers to stm32f10x_flash.o(i.FLASH_WaitForLastOperation) for FLASH_WaitForLastOperation
    stm32f10x_flash.o(i.FLASH_ReadOutProtection) refers to stm32f10x_flash.o(i.FLASH_WaitForLastOperation) for FLASH_WaitForLastOperation
    stm32f10x_flash.o(i.FLASH_UserOptionByteConfig) refers to stm32f10x_flash.o(i.FLASH_WaitForLastOperation) for FLASH_WaitForLastOperation
    stm32f10x_flash.o(i.FLASH_WaitForLastBank1Operation) refers to stm32f10x_flash.o(i.FLASH_GetBank1Status) for FLASH_GetBank1Status
    stm32f10x_flash.o(i.FLASH_WaitForLastOperation) refers to stm32f10x_flash.o(i.FLASH_GetBank1Status) for FLASH_GetBank1Status
    stm32f10x_gpio.o(i.GPIO_AFIODeInit) refers to stm32f10x_rcc.o(i.RCC_APB2PeriphResetCmd) for RCC_APB2PeriphResetCmd
    stm32f10x_gpio.o(i.GPIO_DeInit) refers to stm32f10x_rcc.o(i.RCC_APB2PeriphResetCmd) for RCC_APB2PeriphResetCmd
    stm32f10x_i2c.o(i.I2C_DeInit) refers to stm32f10x_rcc.o(i.RCC_APB1PeriphResetCmd) for RCC_APB1PeriphResetCmd
[...]
    i.fputc                                  0x08003124   Section        0  usart.o(i.fputc)
    i.free                                   0x08003148   Section        0  malloc.o(i.free)
    i.gizByteOrderExchange                   0x08003198   Section        0  datapointtools.o(i.gizByteOrderExchange)
    i.gizCheckReport                         0x080031cc   Section        0  gizwits_protocol.o(i.gizCheckReport)
    gizCheckReport                           0x080031cd   Thumb Code   428  gizwits_protocol.o(i.gizCheckReport)
    i.gizDataPoint2Event                     0x08003458   Section        0  gizwits_protocol.o(i.gizDataPoint2Event)
    gizDataPoint2Event                       0x08003459   Thumb Code   120  gizwits_protocol.o(i.gizDataPoint2Event)
    i.gizDataPoints2ReportData               0x080034fc   Section        0  gizwits_protocol.o(i.gizDataPoints2ReportData)
    gizDataPoints2ReportData                 0x080034fd   Thumb Code   462  gizwits_protocol.o(i.gizDataPoints2ReportData)
    i.gizDevReportPolicy                     0x08003704   Section        0  gizwits_protocol.o(i.gizDevReportPolicy)
    gizDevReportPolicy                       0x08003705   Thumb Code   164  gizwits_protocol.o(i.gizDevReportPolicy)
    i.gizGetTimerCount                       0x080037e8   Section        0  gizwits_product.o(i.gizGetTimerCount)
    i.gizProtocolAckHandle                   0x080037f4   Section        0  gizwits_protocol.o(i.gizProtocolAckHandle)
    gizProtocolAckHandle                     0x080037f5   Thumb Code    94  gizwits_protocol.o(i.gizProtocolAckHandle)
    i.gizProtocolCommonAck                   0x08003880   Section        0  gizwits_protocol.o(i.gizProtocolCommonAck)
    gizProtocolCommonAck                     0x08003881   Thumb Code    86  gizwits_protocol.o(i.gizProtocolCommonAck)
    i.gizProtocolErrorCmd                    0x08003920   Section        0  gizwits_protocol.o(i.gizProtocolErrorCmd)
    gizProtocolErrorCmd                      0x08003921   Thumb Code    90  gizwits_protocol.o(i.gizProtocolErrorCmd)
    i.gizProtocolGetDeviceInfo               0x080039c4   Section        0  gizwits_protocol.o(i.gizProtocolGetDeviceInfo)
    gizProtocolGetDeviceInfo                 0x080039c5   Thumb Code   182  gizwits_protocol.o(i.gizProtocolGetDeviceInfo)
    i.gizProtocolGetOnePacket                0x08003b40   Section        0  gizwits_protocol.o(i.gizProtocolGetOnePacket)
    gizProtocolGetOnePacket                  0x08003b41   Thumb Code   380  gizwits_protocol.o(i.gizProtocolGetOnePacket)
    i.gizProtocolHeadInit                    0x08003d3c   Section        0  gizwits_protocol.o(i.gizProtocolHeadInit)
    gizProtocolHeadInit                      0x08003d3d   Thumb Code    34  gizwits_protocol.o(i.gizProtocolHeadInit)
    i.gizProtocolIssuedDataAck               0x08003d8c   Section        0  gizwits_protocol.o(i.gizProtocolIssuedDataAck)
    gizProtocolIssuedDataAck                 0x08003d8d   Thumb Code   226  gizwits_protocol.o(i.gizProtocolIssuedDataAck)
    i.gizProtocolIssuedProcess               0x08003ec8   Section        0  gizwits_protocol.o(i.gizProtocolIssuedProcess)
    gizProtocolIssuedProcess                 0x08003ec9   Thumb Code   248  gizwits_protocol.o(i.gizProtocolIssuedProcess)
    i.gizProtocolModuleInfoHandle            0x0800403c   Section        0  gizwits_protocol.o(i.gizProtocolModuleInfoHandle)
    gizProtocolModuleInfoHandle              0x0800403d   Thumb Code    68  gizwits_protocol.o(i.gizProtocolModuleInfoHandle)
    i.gizProtocolModuleStatus                0x08004098   Section        0  gizwits_protocol.o(i.gizProtocolModuleStatus)
    gizProtocolModuleStatus                  0x08004099   Thumb Code   816  gizwits_protocol.o(i.gizProtocolModuleStatus)
    i.gizProtocolNTP                         0x0800459c   Section        0  gizwits_protocol.o(i.gizProtocolNTP)
    gizProtocolNTP                           0x0800459d   Thumb Code   110  gizwits_protocol.o(i.gizProtocolNTP)
    i.gizProtocolReboot                      0x08004628   Section        0  gizwits_protocol.o(i.gizProtocolReboot)
    gizProtocolReboot                        0x08004629   Thumb Code    28  gizwits_protocol.o(i.gizProtocolReboot)
    i.gizProtocolResendData                  0x08004644   Section        0  gizwits_protocol.o(i.gizProtocolResendData)
    gizProtocolResendData                    0x08004645   Thumb Code    64  gizwits_protocol.o(i.gizProtocolResendData)
    i.gizProtocolSum                         0x080046c0   Section        0  common.o(i.gizProtocolSum)
    i.gizProtocolWaitAck                     0x080046e8   Section        0  gizwits_protocol.o(i.gizProtocolWaitAck)
    gizProtocolWaitAck                       0x080046e9   Thumb Code    70  gizwits_protocol.o(i.gizProtocolWaitAck)
    i.gizProtocolWaitAckCheck                0x0800474c   Section        0  gizwits_protocol.o(i.gizProtocolWaitAckCheck)
    gizProtocolWaitAckCheck                  0x0800474d   Thumb Code    44  gizwits_protocol.o(i.gizProtocolWaitAckCheck)
    i.gizPutData                             0x08004794   Section        0  gizwits_protocol.o(i.gizPutData)
    i.gizReportData                          0x08004808   Section        0  gizwits_protocol.o(i.gizReportData)
    gizReportData                            0x08004809   Thumb Code   174  gizwits_protocol.o(i.gizReportData)
    i.gizTimerMs                             0x08004900   Section        0  gizwits_product.o(i.gizTimerMs)
    i.gizX2Y                                 0x08004910   Section        0  datapointtools.o(i.gizX2Y)
    i.gizY2X                                 0x0800491c   Section        0  datapointtools.o(i.gizY2X)
    i.gizY2XFloat                            0x0800492a   Section        0  datapointtools.o(i.gizY2XFloat)
    i.gizwitsEventProcess                    0x08004954   Section        0  gizwits_product.o(i.gizwitsEventProcess)
    i.gizwitsHandle                          0x08004ad0   Section        0  gizwits_protocol.o(i.gizwitsHandle)
    i.gizwitsInit                            0x08004df0   Section        0  gizwits_protocol.o(i.gizwitsInit)
    i.key_deal                               0x08004e54   Section        0  app.o(i.key_deal)
    i.main                                   0x08004e8c   Section        0  main.o(i.main)
    i.max30102_Bus_Read                      0x08004e98   Section        0  max30102.o(i.max30102_Bus_Read)
    i.max30102_Bus_Write                     0x08004eea   Section        0  max30102.o(i.max30102_Bus_Write)
    i.max30102_FIFO_ReadBytes                0x08004f2e   Section        0  max30102.o(i.max30102_FIFO_ReadBytes)
    i.max_init                               0x08004fb0   Section        0  max30102.o(i.max_init)
    i.max_show                               0x080050d8   Section        0  max30102.o(i.max_show)
    i.maxim_find_peaks                       0x080053bc   Section        0  max30102.o(i.maxim_find_peaks)
    i.maxim_heart_rate_and_oxygen_saturation 0x08005400   Section        0  max30102.o(i.maxim_heart_rate_and_oxygen_saturation)
    i.maxim_peaks_above_min_height           0x08005900   Section        0  max30102.o(i.maxim_peaks_above_min_height)
    i.maxim_remove_close_peaks               0x0800597a   Section        0  max30102.o(i.maxim_remove_close_peaks)
    i.maxim_sort_ascend                      0x080059ec   Section        0  max30102.o(i.maxim_sort_ascend)
    i.maxim_sort_indices_descend             0x08005a22   Section        0  max30102.o(i.maxim_sort_indices_descend)
    i.mcuRestart                             0x08005a64   Section        0  gizwits_product.o(i.mcuRestart)
    i.mq2_deal                               0x08005a94   Section        0  app.o(i.mq2_deal)
    i.my_mem_free                            0x08005b98   Section        0  malloc.o(i.my_mem_free)
    i.my_mem_init                            0x08005c04   Section        0  malloc.o(i.my_mem_init)
    i.my_mem_malloc                          0x08005c48   Section        0  malloc.o(i.my_mem_malloc)
    i.my_mem_perused                         0x08005cf0   Section        0  malloc.o(i.my_mem_perused)
    i.myfree                                 0x08005d30   Section        0  malloc.o(i.myfree)
    i.mymalloc                               0x08005d54   Section        0  malloc.o(i.mymalloc)
    i.mymemset                               0x08005d7c   Section        0  malloc.o(i.mymemset)
    i.oled_pow                               0x08005d90   Section        0  oled.o(i.oled_pow)
    i.oled_show                              0x08005da8   Section        0  app.o(i.oled_show)
    i.parseGpsBuffer                         0x08005f18   Section        0  gps.o(i.parseGpsBuffer)
    i.pow                                    0x08006060   Section        0  pow.o(i.pow)
    i.printfGpsBuffer                        0x08006a38   Section        0  gps.o(i.printfGpsBuffer)
    i.rbCanRead                              0x08006aec   Section        0  ringbuffer.o(i.rbCanRead)
    i.rbCanWrite                             0x08006b24   Section        0  ringbuffer.o(i.rbCanWrite)
    i.rbCapacity                             0x08006b42   Section        0  ringbuffer.o(i.rbCapacity)
    i.rbCreate                               0x08006b50   Section        0  ringbuffer.o(i.rbCreate)
    i.rbRead                                 0x08006b66   Section        0  ringbuffer.o(i.rbRead)
    i.rbWrite                                0x08006c08   Section        0  ringbuffer.o(i.rbWrite)
    i.sqrt                                   0x08006ca2   Section        0  sqrt.o(i.sqrt)
    i.strtod                                 0x08006cee   Section        0  strtod.o(i.strtod)
    i.uartWrite                              0x08006d0c   Section        0  gizwits_product.o(i.uartWrite)
    i.uart_init                              0x08006d64   Section        0  usart.o(i.uart_init)
    i.usart2_init                            0x08006e0c   Section        0  usart2.o(i.usart2_init)
    i.usart3_init                            0x08006eb0   Section        0  usart3.o(i.usart3_init)
    i.userHandle                             0x08006f58   Section        0  gizwits_product.o(i.userHandle)
    i.userInit                               0x08006fcc   Section        0  gizwits_product.o(i.userInit)
    .constdata                               0x08006fe4   Section        4  gps.o(.constdata)
    .constdata                               0x08006fe8   Section       24  malloc.o(.constdata)
    .constdata                               0x08007000   Section     2200  oled.o(.constdata)
    .constdata                               0x08007898   Section      246  max30102.o(.constdata)
    .constdata                               0x08007990   Section      136  pow.o(.constdata)
    bp                                       0x08007990   Data          16  pow.o(.constdata)
    dp_h                                     0x080079a0   Data          16  pow.o(.constdata)
    dp_l                                     0x080079b0   Data          16  pow.o(.constdata)
    L                                        0x080079c0   Data          48  pow.o(.constdata)
    P                                        0x080079f0   Data          40  pow.o(.constdata)
    .constdata                               0x08007a18   Section        8  qnan.o(.constdata)
    .constdata                               0x08007a20   Section       64  ctype_c.o(.constdata)
    .data                                    0x20000000   Section       20  stm32f10x_rcc.o(.data)
    APBAHBPrescTable                         0x20000000   Data          16  stm32f10x_rcc.o(.data)
    ADCPrescTable                            0x20000010   Data           4  stm32f10x_rcc.o(.data)
    .data                                    0x20000014   Section       12  app.o(.data)
    .data                                    0x20000020   Section       20  gps.o(.data)
    .data                                    0x20000034   Section       28  malloc.o(.data)
    .data                                    0x20000050   Section       54  max30102.o(.data)
    .data                                    0x20000086   Section        2  usart.o(.data)
    .data                                    0x20000088   Section        2  usart2.o(.data)
    .data                                    0x2000008c   Section        4  gizwits_product.o(.data)
    timerMsCount                             0x2000008c   Data           4  gizwits_product.o(.data)
    .data                                    0x20000090   Section       16  gizwits_protocol.o(.data)
    lastReportTime                           0x20000090   Data           4  gizwits_protocol.o(.data)
    lastRepTime                              0x20000094   Data           4  gizwits_protocol.o(.data)
    protocolFlag                             0x20000098   Data           1  gizwits_protocol.o(.data)
    protocolCount                            0x2000009a   Data           2  gizwits_protocol.o(.data)
    lastData                                 0x2000009c   Data           1  gizwits_protocol.o(.data)
    debugCount                               0x2000009d   Data           1  gizwits_protocol.o(.data)
    lastStatus                               0x2000009e   Data           2  gizwits_protocol.o(.data)
    .data                                    0x200000a0   Section        4  stdout.o(.data)
    .data                                    0x200000a4   Section        4  mvars.o(.data)
    .data                                    0x200000a8   Section        4  errno.o(.data)
    _errno                                   0x200000a8   Data           4  errno.o(.data)
    .bss                                     0x200000ac   Section      428  gps.o(.bss)
    .bss                                     0x20000260   Section     1088  malloc.o(.bss)
    .bss                                     0x200006a0   Section    10084  max30102.o(.bss)
    an_dx                                    0x200016a4   Data        1984  max30102.o(.bss)
    an_x                                     0x20001e64   Data        2000  max30102.o(.bss)
    an_y                                     0x20002634   Data        2000  max30102.o(.bss)
    .bss                                     0x20002e04   Section      200  usart.o(.bss)
    .bss                                     0x20002ecc   Section       32  gizwits_product.o(.bss)
    .bss                                     0x20002eec   Section      604  gizwits_protocol.o(.bss)
    rbBuf                                    0x200030c8   Data         128  gizwits_protocol.o(.bss)
    STACK                                    0x20003148   Section     1024  startup_stm32f10x_md.o(STACK)
    .ARM.__AT_0x68000000                     0x68000000   Section       32  malloc.o(.ARM.__AT_0x68000000)
    .ARM.__AT_0x68000020                     0x68000020   Section        2  malloc.o(.ARM.__AT_0x68000020)

    Global Symbols

    Symbol Name                              Value     Ov Type        Size  Object(Section)

    BuildAttributes$$THM_ISAv4$P$D$K$B$S$PE$A:L22UL41UL21$X:L11$S22US41US21$IEEE1$IW$USESV6$~STKCKD$USESV7$~SHL$OTIME$ROPI$IEEEX$EBA8$MICROLIB$REQ8$PRES8$EABIv2 0x00000000   Number         0  anon$$obj.o ABSOLUTE
    __ARM_use_no_argv                        0x00000000   Number         0  main.o ABSOLUTE
    _printf_a                                0x00000000   Number         0  stubs.o ABSOLUTE
    _printf_c                                0x00000000   Number         0  stubs.o ABSOLUTE
    _printf_charcount                        0x00000000   Number         0  stubs.o ABSOLUTE
    _printf_d                                0x00000000   Number         0  stubs.o ABSOLUTE
    _printf_e                                0x00000000   Number         0  stubs.o ABSOLUTE
    _printf_f                                0x00000000   Number         0  stubs.o ABSOLUTE
    _printf_flags                            0x00000000   Number         0  stubs.o ABSOLUTE
    _printf_fp_dec                           0x00000000   Number         0  stubs.o ABSOLUTE
    _printf_fp_hex                           0x00000000   Number         0  stubs.o ABSOLUTE
    _printf_g                                0x00000000   Number         0  stubs.o ABSOLUTE
    _printf_i                                0x00000000   Number         0  stubs.o ABSOLUTE
    _printf_int_dec                          0x00000000   Number         0  stubs.o ABSOLUTE
    _printf_l                                0x00000000   Number         0  stubs.o ABSOLUTE
    _printf_lc                               0x00000000   Number         0  stubs.o ABSOLUTE
    _printf_ll                               0x00000000   Number         0  stubs.o ABSOLUTE
    _printf_lld                              0x00000000   Number         0  stubs.o ABSOLUTE
    _printf_lli                              0x00000000   Number         0  stubs.o ABSOLUTE
    _printf_llo                              0x00000000   Number         0  stubs.o ABSOLUTE
    _printf_llu                              0x00000000   Number         0  stubs.o ABSOLUTE
    _printf_llx                              0x00000000   Number         0  stubs.o ABSOLUTE
    _printf_longlong_dec                     0x00000000   Number         0  stubs.o ABSOLUTE
    _printf_longlong_hex                     0x00000000   Number         0  stubs.o ABSOLUTE
    _printf_longlong_oct                     0x00000000   Number         0  stubs.o ABSOLUTE
    _printf_ls                               0x00000000   Number         0  stubs.o ABSOLUTE
    _printf_mbtowc                           0x00000000   Number         0  stubs.o ABSOLUTE
    _printf_n                                0x00000000   Number         0  stubs.o ABSOLUTE
    _printf_o                                0x00000000   Number         0  stubs.o ABSOLUTE
    _printf_p                                0x00000000   Number         0  stubs.o ABSOLUTE
    _printf_percent                          0x00000000   Number         0  stubs.o ABSOLUTE
    _printf_pre_padding                      0x00000000   Number         0  stubs.o ABSOLUTE
    _printf_return_value                     0x00000000   Number         0  stubs.o ABSOLUTE
    _printf_s                                0x00000000   Number         0  stubs.o ABSOLUTE
    _printf_sizespec                         0x00000000   Number         0  stubs.o ABSOLUTE
    _printf_str                              0x00000000   Number         0  stubs.o ABSOLUTE
    _printf_truncate_signed                  0x00000000   Number         0  stubs.o ABSOLUTE
    _printf_truncate_unsigned                0x00000000   Number         0  stubs.o ABSOLUTE
    _printf_u                                0x00000000   Number         0  stubs.o ABSOLUTE
    _printf_wc                               0x00000000   Number         0  stubs.o ABSOLUTE
    _printf_wctomb                           0x00000000   Number         0  stubs.o ABSOLUTE
    _printf_widthprec                        0x00000000   Number         0  stubs.o ABSOLUTE
    _printf_x                                0x00000000   Number         0  stubs.o ABSOLUTE
    __arm_fini_                               - Undefined Weak Reference
    __cpp_initialize__aeabi_                  - Undefined Weak Reference
    __cxa_finalize                            - Undefined Weak Reference
    __decompress                              - Undefined Weak Reference
    _clock_init                               - Undefined Weak Reference
    _microlib_exit                            - Undefined Weak Reference
    __Vectors_Size                           0x000000ec   Number         0  startup_stm32f10x_md.o ABSOLUTE
    __Vectors                                0x08000000   Data           4  startup_stm32f10x_md.o(RESET)
    __Vectors_End                            0x080000ec   Data           0  startup_stm32f10x_md.o(RESET)
    __main                                   0x080000ed   Thumb Code     0  entry.o(.ARM.Collect$$$$00000000)
    _main_stk                                0x080000ed   Thumb Code     0  entry2.o(.ARM.Collect$$$$00000001)
    _main_scatterload                        0x080000f1   Thumb Code     0  entry5.o(.ARM.Collect$$$$00000004)
    __main_after_scatterload                 0x080000f5   Thumb Code     0  entry5.o(.ARM.Collect$$$$00000004)
    _main_clock                              0x080000f5   Thumb Code     0  entry7b.o(.ARM.Collect$$$$00000008)
    _main_cpp_init                           0x080000f5   Thumb Code     0  entry8b.o(.ARM.Collect$$$$0000000A)
    _main_init                               0x080000f5   Thumb Code     0  entry9a.o(.ARM.Collect$$$$0000000B)
    __rt_lib_shutdown_fini                   0x080000fd   Thumb Code     0  entry12b.o(.ARM.Collect$$$$0000000E)
    __rt_final_cpp                           0x08000101   Thumb Code     0  entry10a.o(.ARM.Collect$$$$0000000F)
    __rt_final_exit                          0x08000101   Thumb Code     0  entry11a.o(.ARM.Collect$$$$00000011)
    Reset_Handler                            0x08000105   Thumb Code     8  startup_stm32f10x_md.o(.text)
    ADC1_2_IRQHandler                        0x0800011f   Thumb Code     0  startup_stm32f10x_md.o(.text)
    CAN1_RX1_IRQHandler                      0x0800011f   Thumb Code     0  startup_stm32f10x_md.o(.text)
    CAN1_SCE_IRQHandler                      0x0800011f   Thumb Code     0  startup_stm32f10x_md.o(.text)
    DMA1_Channel1_IRQHandler                 0x0800011f   Thumb Code     0  startup_stm32f10x_md.o(.text)
    DMA1_Channel2_IRQHandler                 0x0800011f   Thumb Code     0  startup_stm32f10x_md.o(.text)
    DMA1_Channel3_IRQHandler                 0x0800011f   Thumb Code     0  startup_stm32f10x_md.o(.text)
    DMA1_Channel4_IRQHandler                 0x0800011f   Thumb Code     0  startup_stm32f10x_md.o(.text)
    DMA1_Channel5_IRQHandler                 0x0800011f   Thumb Code     0  startup_stm32f10x_md.o(.text)
    DMA1_Channel6_IRQHandler                 0x0800011f   Thumb Code     0  startup_stm32f10x_md.o(.text)
    DMA1_Channel7_IRQHandler                 0x0800011f   Thumb Code     0  startup_stm32f10x_md.o(.text)
    EXTI0_IRQHandler                         0x0800011f   Thumb Code     0  startup_stm32f10x_md.o(.text)
    EXTI15_10_IRQHandler                     0x0800011f   Thumb Code     0  startup_stm32f10x_md.o(.text)
    EXTI1_IRQHandler                         0x0800011f   Thumb Code     0  startup_stm32f10x_md.o(.text)
    EXTI2_IRQHandler                         0x0800011f   Thumb Code     0  startup_stm32f10x_md.o(.text)
    EXTI3_IRQHandler                         0x0800011f   Thumb Code     0  startup_stm32f10x_md.o(.text)
    EXTI4_IRQHandler                         0x0800011f   Thumb Code     0  startup_stm32f10x_md.o(.text)
    EXTI9_5_IRQHandler                       0x0800011f   Thumb Code     0  startup_stm32f10x_md.o(.text)
    FLASH_IRQHandler                         0x0800011f   Thumb Code     0  startup_stm32f10x_md.o(.text)
    I2C1_ER_IRQHandler                       0x0800011f   Thumb Code     0  startup_stm32f10x_md.o(.text)
    I2C1_EV_IRQHandler                       0x0800011f   Thumb Code     0  startup_stm32f10x_md.o(.text)
    I2C2_ER_IRQHandler                       0x0800011f   Thumb Code     0  startup_stm32f10x_md.o(.text)
    I2C2_EV_IRQHandler                       0x0800011f   Thumb Code     0  startup_stm32f10x_md.o(.text)
    PVD_IRQHandler                           0x0800011f   Thumb Code     0  startup_stm32f10x_md.o(.text)
    RCC_IRQHandler                           0x0800011f   Thumb Code     0  startup_stm32f10x_md.o(.text)
    RTCAlarm_IRQHandler                      0x0800011f   Thumb Code     0  startup_stm32f10x_md.o(.text)
    RTC_IRQHandler                           0x0800011f   Thumb Code     0  startup_stm32f10x_md.o(.text)
    SPI1_IRQHandler                          0x0800011f   Thumb Code     0  startup_stm32f10x_md.o(.text)
    SPI2_IRQHandler                          0x0800011f   Thumb Code     0  startup_stm32f10x_md.o(.text)
    TAMPER_IRQHandler                        0x0800011f   Thumb Code     0  startup_stm32f10x_md.o(.text)
    TIM1_BRK_IRQHandler                      0x0800011f   Thumb Code     0  startup_stm32f10x_md.o(.text)
    TIM1_CC_IRQHandler                       0x0800011f   Thumb Code     0  startup_stm32f10x_md.o(.text)
    TIM1_TRG_COM_IRQHandler                  0x0800011f   Thumb Code     0  startup_stm32f10x_md.o(.text)
    TIM2_IRQHandler                          0x0800011f   Thumb Code     0  startup_stm32f10x_md.o(.text)
    TIM3_IRQHandler                          0x0800011f   Thumb Code     0  startup_stm32f10x_md.o(.text)
    TIM4_IRQHandler                          0x0800011f   Thumb Code     0  startup_stm32f10x_md.o(.text)
    USBWakeUp_IRQHandler                     0x0800011f   Thumb Code     0  startup_stm32f10x_md.o(.text)
    USB_HP_CAN1_TX_IRQHandler                0x0800011f   Thumb Code     0  startup_stm32f10x_md.o(.text)
    USB_LP_CAN1_RX0_IRQHandler               0x0800011f   Thumb Code     0  startup_stm32f10x_md.o(.text)
    WWDG_IRQHandler                          0x0800011f   Thumb Code     0  startup_stm32f10x_md.o(.text)
    __aeabi_memcpy                           0x08000129   Thumb Code    36  memcpya.o(.text)
    __aeabi_memcpy4                          0x08000129   Thumb Code     0  memcpya.o(.text)
    __aeabi_memcpy8                          0x08000129   Thumb Code     0  memcpya.o(.text)
    __aeabi_memset                           0x0800014d   Thumb Code    14  memseta.o(.text)
    __aeabi_memset4                          0x0800014d   Thumb Code     0  memseta.o(.text)
    __aeabi_memset8                          0x0800014d   Thumb Code     0  memseta.o(.text)
    __aeabi_memclr                           0x0800015b   Thumb Code     4  memseta.o(.text)
    __aeabi_memclr4                          0x0800015b   Thumb Code     0  memseta.o(.text)
    __aeabi_memclr8                          0x0800015b   Thumb Code     0  memseta.o(.text)
    _memset$wrapper                          0x0800015f   Thumb Code    18  memseta.o(.text)
    strstr                                   0x08000171   Thumb Code    36  strstr.o(.text)
    __aeabi_fadd                             0x08000195   Thumb Code   164  fadd.o(.text)
    __aeabi_fsub                             0x08000239   Thumb Code     6  fadd.o(.text)
    __aeabi_frsub                            0x0800023f   Thumb Code     6  fadd.o(.text)
    __aeabi_fmul                             0x08000245   Thumb Code   100  fmul.o(.text)
    __aeabi_fdiv                             0x080002a9   Thumb Code   124  fdiv.o(.text)
    __aeabi_dmul                             0x08000325   Thumb Code   228  dmul.o(.text)
    __aeabi_ddiv                             0x08000409   Thumb Code   222  ddiv.o(.text)
    __aeabi_ui2f                             0x080004e7   Thumb Code    10  ffltui.o(.text)
    __aeabi_f2iz                             0x080004f1   Thumb Code    50  ffixi.o(.text)
    __aeabi_f2uiz                            0x08000523   Thumb Code    40  ffixui.o(.text)
    __aeabi_f2d                              0x0800054b   Thumb Code    38  f2d.o(.text)
    __aeabi_d2f                              0x08000571   Thumb Code    56  d2f.o(.text)
    __aeabi_cfcmpeq                          0x080005a9   Thumb Code     0  cfcmple.o(.text)
    __aeabi_cfcmple                          0x080005a9   Thumb Code    20  cfcmple.o(.text)
    __aeabi_uidiv                            0x080005bd   Thumb Code     0  uidiv.o(.text)
    __aeabi_uidivmod                         0x080005bd   Thumb Code    44  uidiv.o(.text)
    __aeabi_uldivmod                         0x080005e9   Thumb Code    98  uldiv.o(.text)
    __strtod_int                             0x08000683   Thumb Code    90  strtod.o(.text)
    __I$use$fp                               0x080006e9   Thumb Code     0  iusefp.o(.text)
    _float_round                             0x080006e9   Thumb Code    18  fepilogue.o(.text)
    _float_epilogue                          0x080006fb   Thumb Code    92  fepilogue.o(.text)
    _double_round                            0x08000757   Thumb Code    30  depilogue.o(.text)
    _double_epilogue                         0x08000775   Thumb Code   156  depilogue.o(.text)
    __aeabi_dadd                             0x08000811   Thumb Code   322  dadd.o(.text)
    __aeabi_dsub                             0x08000953   Thumb Code     6  dadd.o(.text)
    __aeabi_drsub                            0x08000959   Thumb Code     6  dadd.o(.text)
    __ARM_scalbn                             0x0800095f   Thumb Code    46  dscalb.o(.text)
    scalbn                                   0x0800095f   Thumb Code     0  dscalb.o(.text)
    __aeabi_i2d                              0x0800098d   Thumb Code    34  dflti.o(.text)
    __aeabi_d2ulz                            0x080009af   Thumb Code    48  dfixul.o(.text)
    __aeabi_cdrcmple                         0x080009e1   Thumb Code    48  cdrcmple.o(.text)
    __scatterload                            0x08000a11   Thumb Code    28  init.o(.text)
    __scatterload_rt2                        0x08000a11   Thumb Code     0  init.o(.text)
    __aeabi_llsl                             0x08000a35   Thumb Code    30  llshl.o(.text)
    _ll_shift_l                              0x08000a35   Thumb Code     0  llshl.o(.text)
    __aeabi_llsr                             0x08000a53   Thumb Code    32  llushr.o(.text)
    _ll_ushift_r                             0x08000a53   Thumb Code     0  llushr.o(.text)
    __aeabi_lasr                             0x08000a73   Thumb Code    36  llsshr.o(.text)
    _ll_sshift_r                             0x08000a73   Thumb Code     0  llsshr.o(.text)
    isspace                                  0x08000a97   Thumb Code    10  isspace_c.o(.text)
    _scanf_real                              0x08000bc9   Thumb Code     0  scanf_fp.o(.text)
    _scanf_really_real                       0x08000bc9   Thumb Code   556  scanf_fp.o(.text)
    _sgetc                                   0x08000e01   Thumb Code    30  _sgetc.o(.text)
    _sbackspace                              0x08000e1f   Thumb Code    34  _sgetc.o(.text)
    _dsqrt                                   0x08000e41   Thumb Code   162  dsqrt.o(.text)
    __ctype_lookup                           0x08000ee5   Thumb Code    34  ctype_c.o(.text)
    __aeabi_ul2d                             0x08000f0d   Thumb Code    24  dfltul.o(.text)
    ADC_Cmd                                  0x08000f25   Thumb Code    22  stm32f10x_adc.o(i.ADC_Cmd)
    ADC_GetCalibrationStatus                 0x08000f3b   Thumb Code    20  stm32f10x_adc.o(i.ADC_GetCalibrationStatus)
    ADC_GetConversionValue                   0x08000f4f   Thumb Code     8  stm32f10x_adc.o(i.ADC_GetConversionValue)
    ADC_GetFlagStatus                        0x08000f57   Thumb Code    18  stm32f10x_adc.o(i.ADC_GetFlagStatus)
    ADC_GetResetCalibrationStatus            0x08000f69   Thumb Code    20  stm32f10x_adc.o(i.ADC_GetResetCalibrationStatus)
    ADC_Init                                 0x08000f7d   Thumb Code    70  stm32f10x_adc.o(i.ADC_Init)
    ADC_RegularChannelConfig                 0x08000fcd   Thumb Code   184  stm32f10x_adc.o(i.ADC_RegularChannelConfig)
    ADC_ResetCalibration                     0x08001085   Thumb Code    10  stm32f10x_adc.o(i.ADC_ResetCalibration)
    ADC_SoftwareStartConvCmd                 0x0800108f   Thumb Code    22  stm32f10x_adc.o(i.ADC_SoftwareStartConvCmd)
    ADC_StartCalibration                     0x080010a5   Thumb Code    10  stm32f10x_adc.o(i.ADC_StartCalibration)
    AD_GetValue                              0x080010b1   Thumb Code    32  ad.o(i.AD_GetValue)
    AD_Init                                  0x080010d5   Thumb Code   150  ad.o(i.AD_Init)
    BusFault_Handler                         0x08001175   Thumb Code     4  stm32f10x_it.o(i.BusFault_Handler)
    Buzzer_Init                              0x08001179   Thumb Code    60  buzzer.o(i.Buzzer_Init)
    Buzzer_OFF                               0x080011b9   Thumb Code    14  buzzer.o(i.Buzzer_OFF)
    Buzzer_ON                                0x080011cd   Thumb Code    14  buzzer.o(i.Buzzer_ON)
    DHT11_Check                              0x080011e1   Thumb Code    88  dht11.o(i.DHT11_Check)
    DHT11_IO_IN                              0x0800123d   Thumb Code    42  dht11.o(i.DHT11_IO_IN)
    DHT11_IO_OUT                             0x0800126d   Thumb Code    32  dht11.o(i.DHT11_IO_OUT)
    DHT11_Init                               0x08001291   Thumb Code    12  dht11.o(i.DHT11_Init)
    DHT11_Read_Bit                           0x0800129d   Thumb Code    90  dht11.o(i.DHT11_Read_Bit)
    DHT11_Read_Byte                          0x080012fd   Thumb Code    30  dht11.o(i.DHT11_Read_Byte)
    DHT11_Read_Data                          0x0800131b   Thumb Code    88  dht11.o(i.DHT11_Read_Data)
    DHT11_Rst                                0x08001375   Thumb Code    40  dht11.o(i.DHT11_Rst)
    DebugMon_Handler                         0x080013a1   Thumb Code     2  stm32f10x_it.o(i.DebugMon_Handler)
    Delay_ms                                 0x080013a3   Thumb Code    24  delay.o(i.Delay_ms)
    Delay_us                                 0x080013bb   Thumb Code    46  delay.o(i.Delay_us)
    GPIO_Init                                0x080013e9   Thumb Code   278  stm32f10x_gpio.o(i.GPIO_Init)
    GPIO_ReadInputDataBit                    0x080014ff   Thumb Code    18  stm32f10x_gpio.o(i.GPIO_ReadInputDataBit)
    GPIO_ReadOutputDataBit                   0x08001511   Thumb Code    18  stm32f10x_gpio.o(i.GPIO_ReadOutputDataBit)
    GPIO_ResetBits                           0x08001523   Thumb Code     4  stm32f10x_gpio.o(i.GPIO_ResetBits)
    GPIO_SetBits                             0x08001527   Thumb Code     4  stm32f10x_gpio.o(i.GPIO_SetBits)
    HardFault_Handler                        0x0800152b   Thumb Code     4  stm32f10x_it.o(i.HardFault_Handler)
    Heater_OFF                               0x08001531   Thumb Code    14  buzzer.o(i.Heater_OFF)
    Heater_ON                                0x08001545   Thumb Code    14  buzzer.o(i.Heater_ON)
    Heater_Turn                              0x08001559   Thumb Code    38  buzzer.o(i.Heater_Turn)
    IIC_Start                                0x08001585   Thumb Code    44  oled.o(i.IIC_Start)
    IIC_Stop                                 0x080015b5   Thumb Code    34  oled.o(i.IIC_Stop)
    IIC_WaitAck                              0x080015dd   Thumb Code    24  oled.o(i.IIC_WaitAck)
    IIC_WriteByte                            0x080015f9   Thumb Code    88  oled.o(i.IIC_WriteByte)
    IIC_WriteCommand                         0x08001655   Thumb Code    44  oled.o(i.IIC_WriteCommand)
    IIC_WriteData                            0x08001681   Thumb Code    44  oled.o(i.IIC_WriteData)
    Key_GetNum                               0x080016ad   Thumb Code   100  key.o(i.Key_GetNum)
    Key_Init                                 0x08001721   Thumb Code    74  key.o(i.Key_Init)
    MAX30102_IIC_Ack                         0x08001775   Thumb Code    48  max30102.o(i.MAX30102_IIC_Ack)
    MAX30102_IIC_Init                        0x080017ad   Thumb Code    50  max30102.o(i.MAX30102_IIC_Init)
    MAX30102_IIC_NAck                        0x080017ed   Thumb Code    48  max30102.o(i.MAX30102_IIC_NAck)
    MAX30102_IIC_Read_Byte                   0x08001825   Thumb Code    80  max30102.o(i.MAX30102_IIC_Read_Byte)
    MAX30102_IIC_SDA_IN                      0x0800187d   Thumb Code    30  max30102.o(i.MAX30102_IIC_SDA_IN)
    MAX30102_IIC_SDA_OUT                     0x080018a1   Thumb Code    30  max30102.o(i.MAX30102_IIC_SDA_OUT)
    MAX30102_IIC_Send_Byte                   0x080018c5   Thumb Code    72  max30102.o(i.MAX30102_IIC_Send_Byte)
    MAX30102_IIC_Start                       0x08001915   Thumb Code    46  max30102.o(i.MAX30102_IIC_Start)
    MAX30102_IIC_Stop                        0x0800194d   Thumb Code    44  max30102.o(i.MAX30102_IIC_Stop)
    MAX30102_IIC_Wait_Ack                    0x08001981   Thumb Code    68  max30102.o(i.MAX30102_IIC_Wait_Ack)
    MAX30102_Init                            0x080019cd   Thumb Code   136  max30102.o(i.MAX30102_Init)
    MAX30102_Reset                           0x08001a71   Thumb Code    20  max30102.o(i.MAX30102_Reset)
    MemManage_Handler                        0x08001a85   Thumb Code     4  stm32f10x_it.o(i.MemManage_Handler)
    NMI_Handler                              0x08001a89   Thumb Code     2  stm32f10x_it.o(i.NMI_Handler)
    NVIC_Init                                0x08001a8d   Thumb Code   100  misc.o(i.NVIC_Init)
    NVIC_PriorityGroupConfig                 0x08001afd   Thumb Code    10  misc.o(i.NVIC_PriorityGroupConfig)
    OLED_Clear                               0x08001b11   Thumb Code    62  oled.o(i.OLED_Clear)
    OLED_Init                                0x08001b51   Thumb Code   316  oled.o(i.OLED_Init)
    OLED_SetPos                              0x08001c91   Thumb Code    40  oled.o(i.OLED_SetPos)
    OLED_ShowChar                            0x08001cb9   Thumb Code   154  oled.o(i.OLED_ShowChar)
    OLED_ShowNum                             0x08001d5d   Thumb Code   136  oled.o(i.OLED_ShowNum)
    OLED_ShowString                          0x08001de5   Thumb Code    58  oled.o(i.OLED_ShowString)
    OLED_WR_Byte                             0x08001e1f   Thumb Code    24  oled.o(i.OLED_WR_Byte)
    PendSV_Handler                           0x08001e37   Thumb Code     2  stm32f10x_it.o(i.PendSV_Handler)
    RCC_ADCCLKConfig                         0x08001e39   Thumb Code    18  stm32f10x_rcc.o(i.RCC_ADCCLKConfig)
    RCC_APB1PeriphClockCmd                   0x08001e51   Thumb Code    26  stm32f10x_rcc.o(i.RCC_APB1PeriphClockCmd)
    RCC_APB1PeriphResetCmd                   0x08001e71   Thumb Code    26  stm32f10x_rcc.o(i.RCC_APB1PeriphResetCmd)
    RCC_APB2PeriphClockCmd                   0x08001e91   Thumb Code    26  stm32f10x_rcc.o(i.RCC_APB2PeriphClockCmd)
    RCC_APB2PeriphResetCmd                   0x08001eb1   Thumb Code    26  stm32f10x_rcc.o(i.RCC_APB2PeriphResetCmd)
    RCC_GetClocksFreq                        0x08001ed1   Thumb Code   192  stm32f10x_rcc.o(i.RCC_GetClocksFreq)
    SVC_Handler                              0x08001fa5   Thumb Code     2  stm32f10x_it.o(i.SVC_Handler)
    SysTick_Handler                          0x08002091   Thumb Code     2  stm32f10x_it.o(i.SysTick_Handler)
    SystemInit                               0x08002095   Thumb Code    78  system_stm32f10x.o(i.SystemInit)
    TIM1_Int_Init                            0x080020f5   Thumb Code    92  timer.o(i.TIM1_Int_Init)
    TIM1_UP_IRQHandler                       0x08002155   Thumb Code    26  timer.o(i.TIM1_UP_IRQHandler)
    TIM_ClearITPendingBit                    0x08002175   Thumb Code     6  stm32f10x_tim.o(i.TIM_ClearITPendingBit)
    TIM_Cmd                                  0x0800217b   Thumb Code    24  stm32f10x_tim.o(i.TIM_Cmd)
    TIM_GetITStatus                          0x08002193   Thumb Code    34  stm32f10x_tim.o(i.TIM_GetITStatus)
    TIM_ITConfig                             0x080021b5   Thumb Code    18  stm32f10x_tim.o(i.TIM_ITConfig)
    TIM_TimeBaseInit                         0x080021c9   Thumb Code   122  stm32f10x_tim.o(i.TIM_TimeBaseInit)
    USART1_IRQHandler                        0x0800226d   Thumb Code   122  usart.o(i.USART1_IRQHandler)
    USART2_IRQHandler                        0x080022f5   Thumb Code   156  usart2.o(i.USART2_IRQHandler)
    USART3_IRQHandler                        0x080023a5   Thumb Code    34  usart3.o(i.USART3_IRQHandler)
    USART_Cmd                                0x080023cd   Thumb Code    24  stm32f10x_usart.o(i.USART_Cmd)
    USART_DeInit                             0x080023e5   Thumb Code   134  stm32f10x_usart.o(i.USART_DeInit)
    USART_GetFlagStatus                      0x08002481   Thumb Code    26  stm32f10x_usart.o(i.USART_GetFlagStatus)
    USART_GetITStatus                        0x0800249b   Thumb Code    84  stm32f10x_usart.o(i.USART_GetITStatus)
    USART_ITConfig                           0x080024ef   Thumb Code    74  stm32f10x_usart.o(i.USART_ITConfig)
    USART_Init                               0x08002539   Thumb Code   210  stm32f10x_usart.o(i.USART_Init)
    USART_ReceiveData                        0x08002611   Thumb Code    10  stm32f10x_usart.o(i.USART_ReceiveData)
    USART_SendData                           0x0800261b   Thumb Code     8  stm32f10x_usart.o(i.USART_SendData)
    UsageFault_Handler                       0x08002623   Thumb Code     4  stm32f10x_it.o(i.UsageFault_Handler)
    __0printf                                0x08002629   Thumb Code    22  printfa.o(i.__0printf)
    __1printf                                0x08002629   Thumb Code     0  printfa.o(i.__0printf)
    __2printf                                0x08002629   Thumb Code     0  printfa.o(i.__0printf)
    __c89printf                              0x08002629   Thumb Code     0  printfa.o(i.__0printf)
    printf                                   0x08002629   Thumb Code     0  printfa.o(i.__0printf)
    __0sprintf                               0x08002649   Thumb Code    34  printfa.o(i.__0sprintf)
    __1sprintf                               0x08002649   Thumb Code     0  printfa.o(i.__0sprintf)
    __2sprintf                               0x08002649   Thumb Code     0  printfa.o(i.__0sprintf)
    __c89sprintf                             0x08002649   Thumb Code     0  printfa.o(i.__0sprintf)
    sprintf                                  0x08002649   Thumb Code     0  printfa.o(i.__0sprintf)
    __ARM_fpclassify                         0x08002671   Thumb Code    40  fpclassify.o(i.__ARM_fpclassify)
    __kernel_poly                            0x08002699   Thumb Code   170  poly.o(i.__kernel_poly)
    __mathlib_dbl_divzero                    0x08002745   Thumb Code    12  dunder.o(i.__mathlib_dbl_divzero)
    __mathlib_dbl_infnan2                    0x08002755   Thumb Code     4  dunder.o(i.__mathlib_dbl_infnan2)
    __mathlib_dbl_invalid                    0x08002759   Thumb Code    12  dunder.o(i.__mathlib_dbl_invalid)
    __mathlib_dbl_overflow                   0x08002765   Thumb Code    14  dunder.o(i.__mathlib_dbl_overflow)
    __mathlib_dbl_underflow                  0x08002775   Thumb Code    10  dunder.o(i.__mathlib_dbl_underflow)
    __scatterload_copy                       0x08002785   Thumb Code    14  handlers.o(i.__scatterload_copy)
    __scatterload_null                       0x08002793   Thumb Code     2  handlers.o(i.__scatterload_null)
    __scatterload_zeroinit                   0x08002795   Thumb Code    14  handlers.o(i.__scatterload_zeroinit)
    __set_errno                              0x080027a5   Thumb Code     6  errno.o(i.__set_errno)
    _is_digit                                0x08002935   Thumb Code    14  scanf_fp.o(i._is_digit)
    app_init                                 0x08003055   Thumb Code    92  app.o(i.app_init)
    app_run                                  0x080030b1   Thumb Code    30  app.o(i.app_run)
    calculateDynamicBitPartLen               0x080030d5   Thumb Code    28  gizwits_protocol.o(i.calculateDynamicBitPartLen)
    exchangeBytes                            0x080030f1   Thumb Code    26  common.o(i.exchangeBytes)
    exchangeWord                             0x0800310b   Thumb Code    26  common.o(i.exchangeWord)
    fputc                                    0x08003125   Thumb Code    32  usart.o(i.fputc)
    free                                     0x08003149   Thumb Code    76  malloc.o(i.free)
    gizByteOrderExchange                     0x08003199   Thumb Code    50  datapointtools.o(i.gizByteOrderExchange)
    gizGetTimerCount                         0x080037e9   Thumb Code     6  gizwits_product.o(i.gizGetTimerCount)
    gizProtocolSum                           0x080046c1   Thumb Code    38  common.o(i.gizProtocolSum)
    gizPutData                               0x08004795   Thumb Code    52  gizwits_protocol.o(i.gizPutData)
    gizTimerMs                               0x08004901   Thumb Code    12  gizwits_product.o(i.gizTimerMs)
    gizX2Y                                   0x08004911   Thumb Code    12  datapointtools.o(i.gizX2Y)
    gizY2X                                   0x0800491d   Thumb Code    14  datapointtools.o(i.gizY2X)
    gizY2XFloat                              0x0800492b   Thumb Code    42  datapointtools.o(i.gizY2XFloat)
    gizwitsEventProcess                      0x08004955   Thumb Code   210  gizwits_product.o(i.gizwitsEventProcess)
    gizwitsHandle                            0x08004ad1   Thumb Code   548  gizwits_protocol.o(i.gizwitsHandle)
    gizwitsInit                              0x08004df1   Thumb Code    46  gizwits_protocol.o(i.gizwitsInit)
    key_deal                                 0x08004e55   Thumb Code    52  app.o(i.key_deal)
    main                                     0x08004e8d   Thumb Code    12  main.o(i.main)
    max30102_Bus_Read                        0x08004e99   Thumb Code    82  max30102.o(i.max30102_Bus_Read)
    max30102_Bus_Write                       0x08004eeb   Thumb Code    68  max30102.o(i.max30102_Bus_Write)
    max30102_FIFO_ReadBytes                  0x08004f2f   Thumb Code   128  max30102.o(i.max30102_FIFO_ReadBytes)
    max_init                                 0x08004fb1   Thumb Code   240  max30102.o(i.max_init)
    max_show                                 0x080050d9   Thumb Code   628  max30102.o(i.max_show)
    maxim_find_peaks                         0x080053bd   Thumb Code    66  max30102.o(i.maxim_find_peaks)
    maxim_heart_rate_and_oxygen_saturation   0x08005401   Thumb Code  1272  max30102.o(i.maxim_heart_rate_and_oxygen_saturation)
    maxim_peaks_above_min_height             0x08005901   Thumb Code   122  max30102.o(i.maxim_peaks_above_min_height)
    maxim_remove_close_peaks                 0x0800597b   Thumb Code   114  max30102.o(i.maxim_remove_close_peaks)
    maxim_sort_ascend                        0x080059ed   Thumb Code    54  max30102.o(i.maxim_sort_ascend)
    maxim_sort_indices_descend               0x08005a23   Thumb Code    64  max30102.o(i.maxim_sort_indices_descend)
    mcuRestart                               0x08005a65   Thumb Code    38  gizwits_product.o(i.mcuRestart)
    mq2_deal                                 0x08005a95   Thumb Code   212  app.o(i.mq2_deal)
    my_mem_free                              0x08005b99   Thumb Code    96  malloc.o(i.my_mem_free)
    my_mem_init                              0x08005c05   Thumb Code    54  malloc.o(i.my_mem_init)
    my_mem_malloc                            0x08005c49   Thumb Code   156  malloc.o(i.my_mem_malloc)
    my_mem_perused                           0x08005cf1   Thumb Code    54  malloc.o(i.my_mem_perused)
    myfree                                   0x08005d31   Thumb Code    30  malloc.o(i.myfree)
    mymalloc                                 0x08005d55   Thumb Code    34  malloc.o(i.mymalloc)
    mymemset                                 0x08005d7d   Thumb Code    20  malloc.o(i.mymemset)
    oled_pow                                 0x08005d91   Thumb Code    22  oled.o(i.oled_pow)
    oled_show                                0x08005da9   Thumb Code   278  app.o(i.oled_show)
    parseGpsBuffer                           0x08005f19   Thumb Code   296  gps.o(i.parseGpsBuffer)
    pow                                      0x08006061   Thumb Code  2512  pow.o(i.pow)
    printfGpsBuffer                          0x08006a39   Thumb Code   136  gps.o(i.printfGpsBuffer)
    rbCanRead                                0x08006aed   Thumb Code    56  ringbuffer.o(i.rbCanRead)
    rbCanWrite                               0x08006b25   Thumb Code    30  ringbuffer.o(i.rbCanWrite)
    rbCapacity                               0x08006b43   Thumb Code    14  ringbuffer.o(i.rbCapacity)
    rbCreate                                 0x08006b51   Thumb Code    22  ringbuffer.o(i.rbCreate)
    rbRead                                   0x08006b67   Thumb Code   162  ringbuffer.o(i.rbRead)
    rbWrite                                  0x08006c09   Thumb Code   154  ringbuffer.o(i.rbWrite)
    sqrt                                     0x08006ca3   Thumb Code    76  sqrt.o(i.sqrt)
    strtod                                   0x08006cef   Thumb Code    28  strtod.o(i.strtod)
    uartWrite                                0x08006d0d   Thumb Code    82  gizwits_product.o(i.uartWrite)
    uart_init                                0x08006d65   Thumb Code   158  usart.o(i.uart_init)
    usart2_init                              0x08006e0d   Thumb Code   154  usart2.o(i.usart2_init)
    usart3_init                              0x08006eb1   Thumb Code   158  usart3.o(i.usart3_init)
    userHandle                               0x08006f59   Thumb Code    80  gizwits_product.o(i.userHandle)
    userInit                                 0x08006fcd   Thumb Code    18  gizwits_product.o(i.userInit)
    USART2_MAX_RECV_LEN                      0x08006fe4   Data           2  gps.o(.constdata)
    GPS_Buffer_Length                        0x08006fe6   Data           2  gps.o(.constdata)
    memtblsize                               0x08006fe8   Data           8  malloc.o(.constdata)
    memblksize                               0x08006ff0   Data           8  malloc.o(.constdata)
    memsize                                  0x08006ff8   Data           8  malloc.o(.constdata)
    F6x8                                     0x08007000   Data         552  oled.o(.constdata)
    F8X16                                    0x08007228   Data        1520  oled.o(.constdata)
    Hzk                                      0x08007818   Data         128  oled.o(.constdata)
    auw_hamm                                 0x08007898   Data          62  max30102.o(.constdata)
    uch_spo2_table                           0x080078d6   Data         184  max30102.o(.constdata)
    __mathlib_zero                           0x08007a18   Data           8  qnan.o(.constdata)
    __ctype_categories                       0x08007a20   Data          64  ctype_c.o(.constdata)
    Region$$Table$$Base                      0x08007a60   Number         0  anon$$obj.o(Region$$Table)
    Region$$Table$$Limit                     0x08007a80   Number         0  anon$$obj.o(Region$$Table)
    oledID                                   0x20000014   Data           1  app.o(.data)
    humidity                                 0x20000015   Data           1  app.o(.data)
    tempreture                               0x20000016   Data           1  app.o(.data)
    temp_limit                               0x20000017   Data           1  app.o(.data)
    model                                    0x20000018   Data           1  app.o(.data)
    ppm                                      0x2000001c   Data           4  app.o(.data)
    latitude                                 0x20000020   Data           8  gps.o(.data)
    longitude                                0x20000028   Data           8  gps.o(.data)
    pEnd                                     0x20000030   Data           4  gps.o(.data)
    mallco_dev                               0x20000034   Data          28  malloc.o(.data)
    n_ir_buffer_length                       0x20000050   Data           4  max30102.o(.data)
    n_sp02                                   0x20000054   Data           4  max30102.o(.data)
    ch_spo2_valid                            0x20000058   Data           1  max30102.o(.data)
    n_heart_rate                             0x2000005c   Data           4  max30102.o(.data)
    ch_hr_valid                              0x20000060   Data           1  max30102.o(.data)
    Temp                                     0x20000061   Data           1  max30102.o(.data)
    un_min                                   0x20000064   Data           4  max30102.o(.data)
    un_max                                   0x20000068   Data           4  max30102.o(.data)
    un_prev_data                             0x2000006c   Data           4  max30102.o(.data)
    i                                        0x20000070   Data           4  max30102.o(.data)
    n_brightness                             0x20000074   Data           4  max30102.o(.data)
    f_temp                                   0x20000078   Data           4  max30102.o(.data)
    temp                                     0x2000007c   Data           6  max30102.o(.data)
    dis_hr                                   0x20000082   Data           1  max30102.o(.data)
    dis_spo2                                 0x20000083   Data           1  max30102.o(.data)
    dis_hr_upload                            0x20000084   Data           1  max30102.o(.data)
    dis_spo2_upload                          0x20000085   Data           1  max30102.o(.data)
    USART_RX_STA                             0x20000086   Data           2  usart.o(.data)
    point1                                   0x20000088   Data           2  usart2.o(.data)
    __stdout                                 0x200000a0   Data           4  stdout.o(.data)
    __microlib_freelist                      0x200000a4   Data           4  mvars.o(.data)
    USAR2_RX_BUF                             0x200000ac   Data         200  gps.o(.bss)
    Save_Data                                0x20000174   Data         228  gps.o(.bss)
    mem1base                                 0x20000260   Data        1024  malloc.o(.bss)
    mem1mapbase                              0x20000660   Data          64  malloc.o(.bss)
    aun_ir_buffer                            0x200006a0   Data        2000  max30102.o(.bss)
    aun_red_buffer                           0x20000e70   Data        2000  max30102.o(.bss)
    str                                      0x20001640   Data         100  max30102.o(.bss)
    USART_RX_BUF                             0x20002e04   Data         200  usart.o(.bss)
    currentDataPoint                         0x20002ecc   Data          32  gizwits_product.o(.bss)
    gizwitsProtocol                          0x20002eec   Data         460  gizwits_protocol.o(.bss)
    pRb                                      0x200030b8   Data          16  gizwits_protocol.o(.bss)
    __initial_sp                             0x20003548   Data           0  startup_stm32f10x_md.o(STACK)
    mem2base                                 0x68000000   Data          32  malloc.o(.ARM.__AT_0x68000000)
    mem2mapbase                              0x68000020   Data           2  malloc.o(.ARM.__AT_0x68000020)



==============================================================================

Memory Map of the image

  Image Entry point : 0x080000ed

  Load Region LR_IROM1 (Base: 0x08000000, Size: 0x00007b2c, Max: 0x00010000, ABSOLUTE)

    Execution Region ER_IROM1 (Exec base: 0x08000000, Load base: 0x08000000, Size: 0x00007a80, Max: 0x00010000, ABSOLUTE)

    Exec Addr    Load Addr    Size         Type   Attr      Idx    E Section Name        Object

    0x08000000   0x08000000   0x000000ec   Data   RO            3    RESET               startup_stm32f10x_md.o
    0x080000ec   0x080000ec   0x00000000   Code   RO         4752  * .ARM.Collect$$$$00000000  mc_w.l(entry.o)
    0x080000ec   0x080000ec   0x00000004   Code   RO         5105    .ARM.Collect$$$$00000001  mc_w.l(entry2.o)
    0x080000f0   0x080000f0   0x00000004   Code   RO         5108    .ARM.Collect$$$$00000004  mc_w.l(entry5.o)
    0x080000f4   0x080000f4   0x00000000   Code   RO         5110    .ARM.Collect$$$$00000008  mc_w.l(entry7b.o)
    0x080000f4   0x080000f4   0x00000000   Code   RO         5112    .ARM.Collect$$$$0000000A  mc_w.l(entry8b.o)
    0x080000f4   0x080000f4   0x00000008   Code   RO         5113    .ARM.Collect$$$$0000000B  mc_w.l(entry9a.o)
    0x080000fc   0x080000fc   0x00000004   Code   RO         5120    .ARM.Collect$$$$0000000E  mc_w.l(entry12b.o)
    0x08000100   0x08000100   0x00000000   Code   RO         5115    .ARM.Collect$$$$0000000F  mc_w.l(entry10a.o)
    0x08000100   0x08000100   0x00000000   Code   RO         5117    .ARM.Collect$$$$00000011  mc_w.l(entry11a.o)
    0x08000100   0x08000100   0x00000004   Code   RO         5106    .ARM.Collect$$$$00002712  mc_w.l(entry2.o)
    0x08000104   0x08000104   0x00000024   Code   RO            4    .text               startup_stm32f10x_md.o
    0x08000128   0x08000128   0x00000024   Code   RO         4757    .text               mc_w.l(memcpya.o)
    0x0800014c   0x0800014c   0x00000024   Code   RO         4759    .text               mc_w.l(memseta.o)
    0x08000170   0x08000170   0x00000024   Code   RO         4761    .text               mc_w.l(strstr.o)
    0x08000194   0x08000194   0x000000b0   Code   RO         5056    .text               mf_w.l(fadd.o)
    0x08000244   0x08000244   0x00000064   Code   RO         5058    .text               mf_w.l(fmul.o)
    0x080002a8   0x080002a8   0x0000007c   Code   RO         5060    .text               mf_w.l(fdiv.o)
    0x08000324   0x08000324   0x000000e4   Code   RO         5062    .text               mf_w.l(dmul.o)
    0x08000408   0x08000408   0x000000de   Code   RO         5064    .text               mf_w.l(ddiv.o)
    0x080004e6   0x080004e6   0x0000000a   Code   RO         5066    .text               mf_w.l(ffltui.o)
    0x080004f0   0x080004f0   0x00000032   Code   RO         5068    .text               mf_w.l(ffixi.o)
    0x08000522   0x08000522   0x00000028   Code   RO         5070    .text               mf_w.l(ffixui.o)
    0x0800054a   0x0800054a   0x00000026   Code   RO         5072    .text               mf_w.l(f2d.o)
    0x08000570   0x08000570   0x00000038   Code   RO         5074    .text               mf_w.l(d2f.o)
    0x080005a8   0x080005a8   0x00000014   Code   RO         5076    .text               mf_w.l(cfcmple.o)
    0x080005bc   0x080005bc   0x0000002c   Code   RO         5122    .text               mc_w.l(uidiv.o)
    0x080005e8   0x080005e8   0x00000062   Code   RO         5124    .text               mc_w.l(uldiv.o)
    0x0800064a   0x0800064a   0x00000002   PAD
    0x0800064c   0x0800064c   0x0000009c   Code   RO         5135    .text               mc_w.l(strtod.o)
    0x080006e8   0x080006e8   0x00000000   Code   RO         5137    .text               mc_w.l(iusefp.o)
    0x080006e8   0x080006e8   0x0000006e   Code   RO         5138    .text               mf_w.l(fepilogue.o)
    0x08000756   0x08000756   0x000000ba   Code   RO         5140    .text               mf_w.l(depilogue.o)
    0x08000810   0x08000810   0x0000014e   Code   RO         5142    .text               mf_w.l(dadd.o)
    0x0800095e   0x0800095e   0x0000002e   Code   RO         5144    .text               mf_w.l(dscalb.o)
    0x0800098c   0x0800098c   0x00000022   Code   RO         5146    .text               mf_w.l(dflti.o)
    0x080009ae   0x080009ae   0x00000030   Code   RO         5148    .text               mf_w.l(dfixul.o)
    0x080009de   0x080009de   0x00000002   PAD
    0x080009e0   0x080009e0   0x00000030   Code   RO         5150    .text               mf_w.l(cdrcmple.o)
    0x08000a10   0x08000a10   0x00000024   Code   RO         5152    .text               mc_w.l(init.o)
    0x08000a34   0x08000a34   0x0000001e   Code   RO         5154    .text               mc_w.l(llshl.o)
    0x08000a52   0x08000a52   0x00000020   Code   RO         5156    .text               mc_w.l(llushr.o)
    0x08000a72   0x08000a72   0x00000024   Code   RO         5158    .text               mc_w.l(llsshr.o)
    0x08000a96   0x08000a96   0x0000000a   Code   RO         5160    .text               mc_w.l(isspace_c.o)
    0x08000aa0   0x08000aa0   0x00000360   Code   RO         5162    .text               mc_w.l(scanf_fp.o)
    0x08000e00   0x08000e00   0x00000040   Code   RO         5166    .text               mc_w.l(_sgetc.o)
    0x08000e40   0x08000e40   0x000000a2   Code   RO         5168    .text               mf_w.l(dsqrt.o)
    0x08000ee2   0x08000ee2   0x00000002   PAD
    0x08000ee4   0x08000ee4   0x00000028   Code   RO         5172    .text               mc_w.l(ctype_c.o)
    0x08000f0c   0x08000f0c   0x00000018   Code   RO         5175    .text               mf_w.l(dfltul.o)
    0x08000f24   0x08000f24   0x00000016   Code   RO          202    i.ADC_Cmd           stm32f10x_adc.o
    0x08000f3a   0x08000f3a   0x00000014   Code   RO          210    i.ADC_GetCalibrationStatus  stm32f10x_adc.o
    0x08000f4e   0x08000f4e   0x00000008   Code   RO          211    i.ADC_GetConversionValue  stm32f10x_adc.o
    0x08000f56   0x08000f56   0x00000012   Code   RO          213    i.ADC_GetFlagStatus  stm32f10x_adc.o
    0x08000f68   0x08000f68   0x00000014   Code   RO          216    i.ADC_GetResetCalibrationStatus  stm32f10x_adc.o
    0x08000f7c   0x08000f7c   0x00000050   Code   RO          220    i.ADC_Init          stm32f10x_adc.o
    0x08000fcc   0x08000fcc   0x000000b8   Code   RO          224    i.ADC_RegularChannelConfig  stm32f10x_adc.o
    0x08001084   0x08001084   0x0000000a   Code   RO          225    i.ADC_ResetCalibration  stm32f10x_adc.o
    0x0800108e   0x0800108e   0x00000016   Code   RO          227    i.ADC_SoftwareStartConvCmd  stm32f10x_adc.o
    0x080010a4   0x080010a4   0x0000000a   Code   RO          229    i.ADC_StartCalibration  stm32f10x_adc.o
    0x080010ae   0x080010ae   0x00000002   PAD
    0x080010b0   0x080010b0   0x00000024   Code   RO         3474    i.AD_GetValue       ad.o
    0x080010d4   0x080010d4   0x000000a0   Code   RO         3475    i.AD_Init           ad.o
    0x08001174   0x08001174   0x00000004   Code   RO         3211    i.BusFault_Handler  stm32f10x_it.o
    0x08001178   0x08001178   0x00000040   Code   RO         3857    i.Buzzer_Init       buzzer.o
    0x080011b8   0x080011b8   0x00000014   Code   RO         3858    i.Buzzer_OFF        buzzer.o
    0x080011cc   0x080011cc   0x00000014   Code   RO         3859    i.Buzzer_ON         buzzer.o
    0x080011e0   0x080011e0   0x0000005c   Code   RO         3492    i.DHT11_Check       dht11.o
    0x0800123c   0x0800123c   0x00000030   Code   RO         3493    i.DHT11_IO_IN       dht11.o
    0x0800126c   0x0800126c   0x00000024   Code   RO         3494    i.DHT11_IO_OUT      dht11.o
    0x08001290   0x08001290   0x0000000c   Code   RO         3495    i.DHT11_Init        dht11.o
    0x0800129c   0x0800129c   0x00000060   Code   RO         3496    i.DHT11_Read_Bit    dht11.o
    0x080012fc   0x080012fc   0x0000001e   Code   RO         3497    i.DHT11_Read_Byte   dht11.o
    0x0800131a   0x0800131a   0x00000058   Code   RO         3498    i.DHT11_Read_Data   dht11.o
    0x08001372   0x08001372   0x00000002   PAD
    0x08001374   0x08001374   0x0000002c   Code   RO         3499    i.DHT11_Rst         dht11.o
    0x080013a0   0x080013a0   0x00000002   Code   RO         3212    i.DebugMon_Handler  stm32f10x_it.o
    0x080013a2   0x080013a2   0x00000018   Code   RO         4302    i.Delay_ms          delay.o
    0x080013ba   0x080013ba   0x0000002e   Code   RO         4304    i.Delay_us          delay.o
    0x080013e8   0x080013e8   0x00000116   Code   RO         1347    i.GPIO_Init         stm32f10x_gpio.o
    0x080014fe   0x080014fe   0x00000012   Code   RO         1351    i.GPIO_ReadInputDataBit  stm32f10x_gpio.o
    0x08001510   0x08001510   0x00000012   Code   RO         1353    i.GPIO_ReadOutputDataBit  stm32f10x_gpio.o
    0x08001522   0x08001522   0x00000004   Code   RO         1354    i.GPIO_ResetBits    stm32f10x_gpio.o
    0x08001526   0x08001526   0x00000004   Code   RO         1355    i.GPIO_SetBits      stm32f10x_gpio.o
    0x0800152a   0x0800152a   0x00000004   Code   RO         3213    i.HardFault_Handler  stm32f10x_it.o
    0x0800152e   0x0800152e   0x00000002   PAD
    0x08001530   0x08001530   0x00000014   Code   RO         3861    i.Heater_OFF        buzzer.o
    0x08001544   0x08001544   0x00000014   Code   RO         3862    i.Heater_ON         buzzer.o
    0x08001558   0x08001558   0x0000002c   Code   RO         3863    i.Heater_Turn       buzzer.o
    0x08001584   0x08001584   0x00000030   Code   RO         3724    i.IIC_Start         oled.o
    0x080015b4   0x080015b4   0x00000028   Code   RO         3725    i.IIC_Stop          oled.o
    0x080015dc   0x080015dc   0x0000001c   Code   RO         3726    i.IIC_WaitAck       oled.o
    0x080015f8   0x080015f8   0x0000005c   Code   RO         3727    i.IIC_WriteByte     oled.o
    0x08001654   0x08001654   0x0000002c   Code   RO         3728    i.IIC_WriteCommand  oled.o
    0x08001680   0x08001680   0x0000002c   Code   RO         3729    i.IIC_WriteData     oled.o
    0x080016ac   0x080016ac   0x00000074   Code   RO         3588    i.Key_GetNum        key.o
    0x08001720   0x08001720   0x00000054   Code   RO         3589    i.Key_Init          key.o
    0x08001774   0x08001774   0x00000038   Code   RO         3905    i.MAX30102_IIC_Ack  max30102.o
    0x080017ac   0x080017ac   0x00000040   Code   RO         3906    i.MAX30102_IIC_Init  max30102.o
    0x080017ec   0x080017ec   0x00000038   Code   RO         3907    i.MAX30102_IIC_NAck  max30102.o
    0x08001824   0x08001824   0x00000058   Code   RO         3909    i.MAX30102_IIC_Read_Byte  max30102.o
    0x0800187c   0x0800187c   0x00000024   Code   RO         3911    i.MAX30102_IIC_SDA_IN  max30102.o
    0x080018a0   0x080018a0   0x00000024   Code   RO         3912    i.MAX30102_IIC_SDA_OUT  max30102.o
    0x080018c4   0x080018c4   0x00000050   Code   RO         3913    i.MAX30102_IIC_Send_Byte  max30102.o
    0x08001914   0x08001914   0x00000038   Code   RO         3914    i.MAX30102_IIC_Start  max30102.o
    0x0800194c   0x0800194c   0x00000034   Code   RO         3915    i.MAX30102_IIC_Stop  max30102.o
    0x08001980   0x08001980   0x0000004c   Code   RO         3916    i.MAX30102_IIC_Wait_Ack  max30102.o
    0x080019cc   0x080019cc   0x000000a4   Code   RO         3919    i.MAX30102_Init     max30102.o
    0x08001a70   0x08001a70   0x00000014   Code   RO         3920    i.MAX30102_Reset    max30102.o
    0x08001a84   0x08001a84   0x00000004   Code   RO         3214    i.MemManage_Handler  stm32f10x_it.o
    0x08001a88   0x08001a88   0x00000002   Code   RO         3215    i.NMI_Handler       stm32f10x_it.o
    0x08001a8a   0x08001a8a   0x00000002   PAD
    0x08001a8c   0x08001a8c   0x00000070   Code   RO          137    i.NVIC_Init         misc.o
    0x08001afc   0x08001afc   0x00000014   Code   RO          138    i.NVIC_PriorityGroupConfig  misc.o
    0x08001b10   0x08001b10   0x0000003e   Code   RO         3730    i.OLED_Clear        oled.o
    0x08001b4e   0x08001b4e   0x00000002   PAD
    0x08001b50   0x08001b50   0x00000140   Code   RO         3735    i.OLED_Init         oled.o
    0x08001c90   0x08001c90   0x00000028   Code   RO         3737    i.OLED_SetPos       oled.o
    0x08001cb8   0x08001cb8   0x000000a4   Code   RO         3739    i.OLED_ShowChar     oled.o
    0x08001d5c   0x08001d5c   0x00000088   Code   RO         3740    i.OLED_ShowNum      oled.o
    0x08001de4   0x08001de4   0x0000003a   Code   RO         3741    i.OLED_ShowString   oled.o
    0x08001e1e   0x08001e1e   0x00000018   Code   RO         3742    i.OLED_WR_Byte      oled.o
    0x08001e36   0x08001e36   0x00000002   Code   RO         3216    i.PendSV_Handler    stm32f10x_it.o
    0x08001e38   0x08001e38   0x00000018   Code   RO         1773    i.RCC_ADCCLKConfig  stm32f10x_rcc.o
    0x08001e50   0x08001e50   0x00000020   Code   RO         1775    i.RCC_APB1PeriphClockCmd  stm32f10x_rcc.o
    0x08001e70   0x08001e70   0x00000020   Code   RO         1776    i.RCC_APB1PeriphResetCmd  stm32f10x_rcc.o
    0x08001e90   0x08001e90   0x00000020   Code   RO         1777    i.RCC_APB2PeriphClockCmd  stm32f10x_rcc.o
    0x08001eb0   0x08001eb0   0x00000020   Code   RO         1778    i.RCC_APB2PeriphResetCmd  stm32f10x_rcc.o
    0x08001ed0   0x08001ed0   0x000000d4   Code   RO         1785    i.RCC_GetClocksFreq  stm32f10x_rcc.o
    0x08001fa4   0x08001fa4   0x00000002   Code   RO         3217    i.SVC_Handler       stm32f10x_it.o
    0x08001fa6   0x08001fa6   0x00000008   Code   RO           24    i.SetSysClock       system_stm32f10x.o
    0x08001fae   0x08001fae   0x00000002   PAD
    0x08001fb0   0x08001fb0   0x000000e0   Code   RO           25    i.SetSysClockTo72   system_stm32f10x.o
    0x08002090   0x08002090   0x00000002   Code   RO         3218    i.SysTick_Handler   stm32f10x_it.o
    0x08002092   0x08002092   0x00000002   PAD
    0x08002094   0x08002094   0x00000060   Code   RO           27    i.SystemInit        system_stm32f10x.o
    0x080020f4   0x080020f4   0x00000060   Code   RO         4344    i.TIM1_Int_Init     timer.o
    0x08002154   0x08002154   0x00000020   Code   RO         4345    i.TIM1_UP_IRQHandler  timer.o
    0x08002174   0x08002174   0x00000006   Code   RO         2416    i.TIM_ClearITPendingBit  stm32f10x_tim.o
    0x0800217a   0x0800217a   0x00000018   Code   RO         2421    i.TIM_Cmd           stm32f10x_tim.o
    0x08002192   0x08002192   0x00000022   Code   RO         2442    i.TIM_GetITStatus   stm32f10x_tim.o
    0x080021b4   0x080021b4   0x00000012   Code   RO         2446    i.TIM_ITConfig      stm32f10x_tim.o
    0x080021c6   0x080021c6   0x00000002   PAD
    0x080021c8   0x080021c8   0x000000a4   Code   RO         2492    i.TIM_TimeBaseInit  stm32f10x_tim.o
    0x0800226c   0x0800226c   0x00000088   Code   RO         4383    i.USART1_IRQHandler  usart.o
    0x080022f4   0x080022f4   0x000000b0   Code   RO         4414    i.USART2_IRQHandler  usart2.o
    0x080023a4   0x080023a4   0x00000028   Code   RO         4455    i.USART3_IRQHandler  usart3.o
    0x080023cc   0x080023cc   0x00000018   Code   RO         2960    i.USART_Cmd         stm32f10x_usart.o
    0x080023e4   0x080023e4   0x0000009c   Code   RO         2962    i.USART_DeInit      stm32f10x_usart.o
    0x08002480   0x08002480   0x0000001a   Code   RO         2963    i.USART_GetFlagStatus  stm32f10x_usart.o
    0x0800249a   0x0800249a   0x00000054   Code   RO         2964    i.USART_GetITStatus  stm32f10x_usart.o
    0x080024ee   0x080024ee   0x0000004a   Code   RO         2966    i.USART_ITConfig    stm32f10x_usart.o
    0x08002538   0x08002538   0x000000d8   Code   RO         2967    i.USART_Init        stm32f10x_usart.o
    0x08002610   0x08002610   0x0000000a   Code   RO         2974    i.USART_ReceiveData  stm32f10x_usart.o
    0x0800261a   0x0800261a   0x00000008   Code   RO         2977    i.USART_SendData    stm32f10x_usart.o
    0x08002622   0x08002622   0x00000004   Code   RO         3219    i.UsageFault_Handler  stm32f10x_it.o
    0x08002626   0x08002626   0x00000002   PAD
    0x08002628   0x08002628   0x00000020   Code   RO         5000    i.__0printf         mc_w.l(printfa.o)
    0x08002648   0x08002648   0x00000028   Code   RO         5002    i.__0sprintf        mc_w.l(printfa.o)
    0x08002670   0x08002670   0x00000028   Code   RO         5092    i.__ARM_fpclassify  m_ws.l(fpclassify.o)
    0x08002698   0x08002698   0x000000aa   Code   RO         5094    i.__kernel_poly     m_ws.l(poly.o)
    0x08002742   0x08002742   0x00000002   PAD
    0x08002744   0x08002744   0x00000010   Code   RO         5078    i.__mathlib_dbl_divzero  m_ws.l(dunder.o)
    0x08002754   0x08002754   0x00000004   Code   RO         5080    i.__mathlib_dbl_infnan2  m_ws.l(dunder.o)
    0x08002758   0x08002758   0x0000000c   Code   RO         5081    i.__mathlib_dbl_invalid  m_ws.l(dunder.o)
    0x08002764   0x08002764   0x0000000e   Code   RO         5082    i.__mathlib_dbl_overflow  m_ws.l(dunder.o)
    0x08002772   0x08002772   0x00000002   PAD
    0x08002774   0x08002774   0x00000010   Code   RO         5084    i.__mathlib_dbl_underflow  m_ws.l(dunder.o)
    0x08002784   0x08002784   0x0000000e   Code   RO         5179    i.__scatterload_copy  mc_w.l(handlers.o)
    0x08002792   0x08002792   0x00000002   Code   RO         5180    i.__scatterload_null  mc_w.l(handlers.o)
    0x08002794   0x08002794   0x0000000e   Code   RO         5181    i.__scatterload_zeroinit  mc_w.l(handlers.o)
    0x080027a2   0x080027a2   0x00000002   PAD
    0x080027a4   0x080027a4   0x0000000c   Code   RO         5130    i.__set_errno       mc_w.l(errno.o)
    0x080027b0   0x080027b0   0x00000184   Code   RO         5007    i._fp_digits        mc_w.l(printfa.o)
    0x08002934   0x08002934   0x0000000e   Code   RO         5164    i._is_digit         mc_w.l(scanf_fp.o)
    0x08002942   0x08002942   0x00000002   PAD
    0x08002944   0x08002944   0x000006b4   Code   RO         5008    i._printf_core      mc_w.l(printfa.o)
    0x08002ff8   0x08002ff8   0x00000024   Code   RO         5009    i._printf_post_padding  mc_w.l(printfa.o)
    0x0800301c   0x0800301c   0x0000002e   Code   RO         5010    i._printf_pre_padding  mc_w.l(printfa.o)
    0x0800304a   0x0800304a   0x0000000a   Code   RO         5012    i._sputc            mc_w.l(printfa.o)
    0x08003054   0x08003054   0x0000005c   Code   RO         3274    i.app_init          app.o
    0x080030b0   0x080030b0   0x00000024   Code   RO         3275    i.app_run           app.o
    0x080030d4   0x080030d4   0x0000001c   Code   RO         4570    i.calculateDynamicBitPartLen  gizwits_protocol.o
    0x080030f0   0x080030f0   0x0000001a   Code   RO         4110    i.exchangeBytes     common.o
    0x0800310a   0x0800310a   0x0000001a   Code   RO         4111    i.exchangeWord      common.o
    0x08003124   0x08003124   0x00000024   Code   RO         4384    i.fputc             usart.o
    0x08003148   0x08003148   0x00000050   Code   RO         5028    i.free              mc_w.l(malloc.o)
    0x08003198   0x08003198   0x00000032   Code   RO         4183    i.gizByteOrderExchange  datapointtools.o
    0x080031ca   0x080031ca   0x00000002   PAD
    0x080031cc   0x080031cc   0x0000028c   Code   RO         4571    i.gizCheckReport    gizwits_protocol.o
    0x08003458   0x08003458   0x000000a4   Code   RO         4572    i.gizDataPoint2Event  gizwits_protocol.o
    0x080034fc   0x080034fc   0x00000208   Code   RO         4573    i.gizDataPoints2ReportData  gizwits_protocol.o
    0x08003704   0x08003704   0x000000e4   Code   RO         4574    i.gizDevReportPolicy  gizwits_protocol.o
    0x080037e8   0x080037e8   0x0000000c   Code   RO         4478    i.gizGetTimerCount  gizwits_product.o
    0x080037f4   0x080037f4   0x0000008c   Code   RO         4575    i.gizProtocolAckHandle  gizwits_protocol.o
    0x08003880   0x08003880   0x000000a0   Code   RO         4576    i.gizProtocolCommonAck  gizwits_protocol.o
    0x08003920   0x08003920   0x000000a4   Code   RO         4577    i.gizProtocolErrorCmd  gizwits_protocol.o
    0x080039c4   0x080039c4   0x0000017c   Code   RO         4578    i.gizProtocolGetDeviceInfo  gizwits_protocol.o
    0x08003b40   0x08003b40   0x000001fc   Code   RO         4579    i.gizProtocolGetOnePacket  gizwits_protocol.o
    0x08003d3c   0x08003d3c   0x00000050   Code   RO         4580    i.gizProtocolHeadInit  gizwits_protocol.o
    0x08003d8c   0x08003d8c   0x0000013c   Code   RO         4581    i.gizProtocolIssuedDataAck  gizwits_protocol.o
    0x08003ec8   0x08003ec8   0x00000174   Code   RO         4582    i.gizProtocolIssuedProcess  gizwits_protocol.o
    0x0800403c   0x0800403c   0x0000005c   Code   RO         4583    i.gizProtocolModuleInfoHandle  gizwits_protocol.o
    0x08004098   0x08004098   0x00000504   Code   RO         4584    i.gizProtocolModuleStatus  gizwits_protocol.o
    0x0800459c   0x0800459c   0x0000008c   Code   RO         4585    i.gizProtocolNTP    gizwits_protocol.o
    0x08004628   0x08004628   0x0000001c   Code   RO         4586    i.gizProtocolReboot  gizwits_protocol.o
    0x08004644   0x08004644   0x0000007c   Code   RO         4587    i.gizProtocolResendData  gizwits_protocol.o
    0x080046c0   0x080046c0   0x00000026   Code   RO         4113    i.gizProtocolSum    common.o
    0x080046e6   0x080046e6   0x00000002   PAD
    0x080046e8   0x080046e8   0x00000064   Code   RO         4588    i.gizProtocolWaitAck  gizwits_protocol.o
    0x0800474c   0x0800474c   0x00000048   Code   RO         4589    i.gizProtocolWaitAckCheck  gizwits_protocol.o
    0x08004794   0x08004794   0x00000074   Code   RO         4590    i.gizPutData        gizwits_protocol.o
    0x08004808   0x08004808   0x000000f8   Code   RO         4591    i.gizReportData     gizwits_protocol.o
    0x08004900   0x08004900   0x00000010   Code   RO         4479    i.gizTimerMs        gizwits_product.o
    0x08004910   0x08004910   0x0000000c   Code   RO         4188    i.gizX2Y            datapointtools.o
    0x0800491c   0x0800491c   0x0000000e   Code   RO         4190    i.gizY2X            datapointtools.o
    0x0800492a   0x0800492a   0x0000002a   Code   RO         4191    i.gizY2XFloat       datapointtools.o
    0x08004954   0x08004954   0x0000017c   Code   RO         4480    i.gizwitsEventProcess  gizwits_product.o
    0x08004ad0   0x08004ad0   0x00000320   Code   RO         4594    i.gizwitsHandle     gizwits_protocol.o
    0x08004df0   0x08004df0   0x00000064   Code   RO         4595    i.gizwitsInit       gizwits_protocol.o
    0x08004e54   0x08004e54   0x00000038   Code   RO         3276    i.key_deal          app.o
    0x08004e8c   0x08004e8c   0x0000000c   Code   RO         3196    i.main              main.o
    0x08004e98   0x08004e98   0x00000052   Code   RO         3921    i.max30102_Bus_Read  max30102.o
    0x08004eea   0x08004eea   0x00000044   Code   RO         3922    i.max30102_Bus_Write  max30102.o
    0x08004f2e   0x08004f2e   0x00000080   Code   RO         3923    i.max30102_FIFO_ReadBytes  max30102.o
    0x08004fae   0x08004fae   0x00000002   PAD
    0x08004fb0   0x08004fb0   0x00000128   Code   RO         3925    i.max_init          max30102.o
    0x080050d8   0x080050d8   0x000002e4   Code   RO         3926    i.max_show          max30102.o
    0x080053bc   0x080053bc   0x00000042   Code   RO         3927    i.maxim_find_peaks  max30102.o
    0x080053fe   0x080053fe   0x00000002   PAD
    0x08005400   0x08005400   0x00000500   Code   RO         3928    i.maxim_heart_rate_and_oxygen_saturation  max30102.o
    0x08005900   0x08005900   0x0000007a   Code   RO         3932    i.maxim_peaks_above_min_height  max30102.o
    0x0800597a   0x0800597a   0x00000072   Code   RO         3933    i.maxim_remove_close_peaks  max30102.o
    0x080059ec   0x080059ec   0x00000036   Code   RO         3934    i.maxim_sort_ascend  max30102.o
    0x08005a22   0x08005a22   0x00000040   Code   RO         3935    i.maxim_sort_indices_descend  max30102.o
    0x08005a62   0x08005a62   0x00000002   PAD
    0x08005a64   0x08005a64   0x00000030   Code   RO         4481    i.mcuRestart        gizwits_product.o
    0x08005a94   0x08005a94   0x00000104   Code   RO         3277    i.mq2_deal          app.o
    0x08005b98   0x08005b98   0x0000006c   Code   RO         3654    i.my_mem_free       malloc.o
    0x08005c04   0x08005c04   0x00000044   Code   RO         3655    i.my_mem_init       malloc.o
    0x08005c48   0x08005c48   0x000000a8   Code   RO         3656    i.my_mem_malloc     malloc.o
    0x08005cf0   0x08005cf0   0x00000040   Code   RO         3657    i.my_mem_perused    malloc.o
    0x08005d30   0x08005d30   0x00000024   Code   RO         3658    i.myfree            malloc.o
    0x08005d54   0x08005d54   0x00000028   Code   RO         3659    i.mymalloc          malloc.o
    0x08005d7c   0x08005d7c   0x00000014   Code   RO         3661    i.mymemset          malloc.o
    0x08005d90   0x08005d90   0x00000016   Code   RO         3743    i.oled_pow          oled.o
    0x08005da6   0x08005da6   0x00000002   PAD
    0x08005da8   0x08005da8   0x00000170   Code   RO         3278    i.oled_show         app.o
    0x08005f18   0x08005f18   0x00000148   Code   RO         3546    i.parseGpsBuffer    gps.o
    0x08006060   0x08006060   0x000009d8   Code   RO         4739    i.pow               m_ws.l(pow.o)
    0x08006a38   0x08006a38   0x000000b4   Code   RO         3547    i.printfGpsBuffer   gps.o
    0x08006aec   0x08006aec   0x00000038   Code   RO         4251    i.rbCanRead         ringbuffer.o
    0x08006b24   0x08006b24   0x0000001e   Code   RO         4252    i.rbCanWrite        ringbuffer.o
    0x08006b42   0x08006b42   0x0000000e   Code   RO         4253    i.rbCapacity        ringbuffer.o
    0x08006b50   0x08006b50   0x00000016   Code   RO         4254    i.rbCreate          ringbuffer.o
    0x08006b66   0x08006b66   0x000000a2   Code   RO         4256    i.rbRead            ringbuffer.o
    0x08006c08   0x08006c08   0x0000009a   Code   RO         4257    i.rbWrite           ringbuffer.o
    0x08006ca2   0x08006ca2   0x0000004c   Code   RO         5098    i.sqrt              m_ws.l(sqrt.o)
    0x08006cee   0x08006cee   0x0000001c   Code   RO         4749    i.strtod            m_ws.l(strtod.o)
    0x08006d0a   0x08006d0a   0x00000002   PAD
    0x08006d0c   0x08006d0c   0x00000058   Code   RO         4482    i.uartWrite         gizwits_product.o
    0x08006d64   0x08006d64   0x000000a8   Code   RO         4385    i.uart_init         usart.o
    0x08006e0c   0x08006e0c   0x000000a4   Code   RO         4415    i.usart2_init       usart2.o
    0x08006eb0   0x08006eb0   0x000000a8   Code   RO         4456    i.usart3_init       usart3.o
    0x08006f58   0x08006f58   0x00000074   Code   RO         4483    i.userHandle        gizwits_product.o
    0x08006fcc   0x08006fcc   0x00000018   Code   RO         4484    i.userInit          gizwits_product.o
    0x08006fe4   0x08006fe4   0x00000004   Data   RO         3549    .constdata          gps.o
    0x08006fe8   0x08006fe8   0x00000018   Data   RO         3666    .constdata          malloc.o
    0x08007000   0x08007000   0x00000898   Data   RO         3744    .constdata          oled.o
    0x08007898   0x08007898   0x000000f6   Data   RO         3937    .constdata          max30102.o
    0x0800798e   0x0800798e   0x00000002   PAD
    0x08007990   0x08007990   0x00000088   Data   RO         4740    .constdata          m_ws.l(pow.o)
    0x08007a18   0x08007a18   0x00000008   Data   RO         5096    .constdata          m_ws.l(qnan.o)
    0x08007a20   0x08007a20   0x00000040   Data   RO         5173    .constdata          mc_w.l(ctype_c.o)
    0x08007a60   0x08007a60   0x00000020   Data   RO         5177    Region$$Table       anon$$obj.o


    Execution Region RW_IRAM1 (Exec base: 0x20000000, Load base: 0x08007a80, Size: 0x00003548, Max: 0x00005000, ABSOLUTE)

    Exec Addr    Load Addr    Size         Type   Attr      Idx    E Section Name        Object

    0x20000000   0x08007a80   0x00000014   Data   RW         1805    .data               stm32f10x_rcc.o
    0x20000014   0x08007a94   0x0000000c   Data   RW         3279    .data               app.o
    0x20000020   0x08007aa0   0x00000014   Data   RW         3550    .data               gps.o
    0x20000034   0x08007ab4   0x0000001c   Data   RW         3667    .data               malloc.o
    0x20000050   0x08007ad0   0x00000036   Data   RW         3938    .data               max30102.o
    0x20000086   0x08007b06   0x00000002   Data   RW         4387    .data               usart.o
    0x20000088   0x08007b08   0x00000002   Data   RW         4416    .data               usart2.o
    0x2000008a   0x08007b0a   0x00000002   PAD
    0x2000008c   0x08007b0c   0x00000004   Data   RW         4486    .data               gizwits_product.o
    0x20000090   0x08007b10   0x00000010   Data   RW         4599    .data               gizwits_protocol.o
    0x200000a0   0x08007b20   0x00000004   Data   RW         5121    .data               mc_w.l(stdout.o)
    0x200000a4   0x08007b24   0x00000004   Data   RW         5126    .data               mc_w.l(mvars.o)
    0x200000a8   0x08007b28   0x00000004   Data   RW         5131    .data               mc_w.l(errno.o)
    0x200000ac        -       0x000001ac   Zero   RW         3548    .bss                gps.o
    0x20000258   0x08007b2c   0x00000008   PAD
    0x20000260        -       0x00000440   Zero   RW         3665    .bss                malloc.o
    0x200006a0        -       0x00002764   Zero   RW         3936    .bss                max30102.o
    0x20002e04        -       0x000000c8   Zero   RW         4386    .bss                usart.o
    0x20002ecc        -       0x00000020   Zero   RW         4485    .bss                gizwits_product.o
    0x20002eec        -       0x0000025c   Zero   RW         4598    .bss                gizwits_protocol.o
    0x20003148        -       0x00000400   Zero   RW            1    STACK               startup_stm32f10x_md.o



  Load Region LR$$.ARM.__AT_0x68000000 (Base: 0x68000000, Size: 0x00000000, Max: 0x00000020, ABSOLUTE)

    Execution Region ER$$.ARM.__AT_0x68000000 (Exec base: 0x68000000, Load base: 0x68000000, Size: 0x00000020, Max: 0x00000020, ABSOLUTE, UNINIT)

    Exec Addr    Load Addr    Size         Type   Attr      Idx    E Section Name        Object

    0x68000000        -       0x00000020   Zero   RW         3663    .ARM.__AT_0x68000000  malloc.o



  Load Region LR$$.ARM.__AT_0x68000020 (Base: 0x68000020, Size: 0x00000000, Max: 0x00000004, ABSOLUTE)

    Execution Region ER$$.ARM.__AT_0x68000020 (Exec base: 0x68000020, Load base: 0x68000020, Size: 0x00000004, Max: 0x00000004, ABSOLUTE, UNINIT)

    Exec Addr    Load Addr    Size         Type   Attr      Idx    E Section Name        Object

    0x68000020        -       0x00000002   Zero   RW         3664    .ARM.__AT_0x68000020  malloc.o


==============================================================================

Image component sizes


      Code (inc. data)   RO Data    RW Data    ZI Data      Debug   Object Name

       196         14          0          0          0       1004   ad.o
       812        148          0         12          0     241909   app.o
       188         34          0          0          0       2398   buzzer.o
        90          0          0          0          0       3272   common.o
         0          0          0          0          0       4548   core_cm3.o
       118          0          0          0          0       2835   datapointtools.o
        70          0          0          0          0        898   delay.o
       446         24          0          0          0       4157   dht11.o
       684        256          0          4         32      27107   gizwits_product.o
      6816       2274          0         16        604      17946   gizwits_protocol.o
       508         84          4         20        428       2614   gps.o
       200         26          0          0          0        924   key.o
        12          0          0          0          0        399   main.o
       504         60         24         28       1122       5797   malloc.o
      3798        310        246         54      10084      17273   max30102.o
       132         22          0          0          0     213687   misc.o
      1122         32       2200          0          0       8666   oled.o
       438          0          0          0          0       4308   ringbuffer.o
        36          8        236          0       1024        796   startup_stm32f10x_md.o
       394         10          0          0          0      18073   stm32f10x_adc.o
       322          0          0          0          0      12257   stm32f10x_gpio.o
        26          0          0          0          0       3586   stm32f10x_it.o
       364         50          0         20          0      14411   stm32f10x_rcc.o
       246         42          0          0          0      23522   stm32f10x_tim.o
       598         28          0          0          0      12284   stm32f10x_usart.o
       328         28          0          0          0      24773   system_stm32f10x.o
       128         10          0          0          0       1005   timer.o
       340         28          0          2        200       2224   usart.o
       340         30          0          2          0       1407   usart2.o
       208         16          0          0          0       1066   usart3.o

    ----------------------------------------------------------------------
     19494       3534       2744        160      13504     675146   Object Totals
         0          0         32          0          0          0   (incl. Generated)
        30          0          2          2         10          0   (incl. Padding)

    ----------------------------------------------------------------------

      Code (inc. data)   RO Data    RW Data    ZI Data      Debug   Library Member Name

        62         10          0          0          0        340   dunder.o
        40          0          0          0          0         68   fpclassify.o
       170          0          0          0          0         96   poly.o
      2520        190        136          0          0        324   pow.o
         0          0          8          0          0          0   qnan.o
        76          0          0          0          0         84   sqrt.o
        28          0          0          0          0         80   strtod.o
        64          0          0          0          0         84   _sgetc.o
        40          6         64          0          0         68   ctype_c.o
         0          0          0          0          0          0   entry.o
         0          0          0          0          0          0   entry10a.o
         0          0          0          0          0          0   entry11a.o
         4          0          0          0          0          0   entry12b.o
         8          4          0          0          0          0   entry2.o
         4          0          0          0          0          0   entry5.o
         0          0          0          0          0          0   entry7b.o
         0          0          0          0          0          0   entry8b.o
         8          4          0          0          0          0   entry9a.o
        12          6          0          4          0         68   errno.o
        30          0          0          0          0          0   handlers.o
        36          8          0          0          0         68   init.o
        10          0          0          0          0         68   isspace_c.o
         0          0          0          0          0          0   iusefp.o
        30          0          0          0          0         68   llshl.o
        36          0          0          0          0         68   llsshr.o
        32          0          0          0          0         68   llushr.o
        80          4          0          0          0         76   malloc.o
        36          0          0          0          0         68   memcpya.o
        36          0          0          0          0        108   memseta.o
         0          0          0          4          0          0   mvars.o
      2268         96          0          0          0        616   printfa.o
       878         12          0          0          0        216   scanf_fp.o
         0          0          0          4          0          0   stdout.o
        36          0          0          0          0         80   strstr.o
       156         12          0          0          0        120   strtod.o
        44          0          0          0          0         80   uidiv.o
        98          0          0          0          0         92   uldiv.o
        48          0          0          0          0         68   cdrcmple.o
        20          0          0          0          0         68   cfcmple.o
        56          0          0          0          0         88   d2f.o
       334          0          0          0          0        148   dadd.o
       222          0          0          0          0        100   ddiv.o
       186          0          0          0          0        176   depilogue.o
        48          0          0          0          0         68   dfixul.o
        34          0          0          0          0         76   dflti.o
        24          0          0          0          0         76   dfltul.o
       228          0          0          0          0         96   dmul.o
        46          0          0          0          0         80   dscalb.o
       162          0          0          0          0        100   dsqrt.o
        38          0          0          0          0         68   f2d.o
       176          0          0          0          0        140   fadd.o
       124          0          0          0          0         88   fdiv.o
       110          0          0          0          0        168   fepilogue.o
        50          0          0          0          0         68   ffixi.o
        40          0          0          0          0         68   ffixui.o
        10          0          0          0          0         68   ffltui.o
       100          0          0          0          0         76   fmul.o

    ----------------------------------------------------------------------
      8914        352        208         12          0       4896   Library Totals
        16          0          0          0          0          0   (incl. Padding)

    ----------------------------------------------------------------------

      Code (inc. data)   RO Data    RW Data    ZI Data      Debug   Library Name

      2896        200        144          0          0        992   m_ws.l
      3946        152         64         12          0       2016   mc_w.l
      2056          0          0          0          0       1888   mf_w.l

    ----------------------------------------------------------------------
      8914        352        208         12          0       4896   Library Totals

    ----------------------------------------------------------------------

==============================================================================


      Code (inc. data)   RO Data    RW Data    ZI Data      Debug   

     28408       3886       2952        172      13504     668754   Grand Totals
     28408       3886       2952        172      13504     668754   ELF Image Totals
     28408       3886       2952        172          0          0   ROM Totals

==============================================================================

    Total RO  Size (Code + RO Data)                31360 (  30.63kB)
    Total RW  Size (RW Data + ZI Data)             13676 (  13.36kB)
    Total ROM Size (Code + RO Data + RW Data)      31532 (  30.79kB)

==============================================================================

